<html>
<body>
<pre>
<h1>µVision Build Log</h1>
<h2>Tool Versions:</h2>
IDE-Version: µVision V5.31.0.0
Copyright (C) 2020 ARM Ltd and ARM Germany GmbH. All rights reserved.
License Information: Vasya Zaycev, VaZay, LIC=----
 
Tool Versions:
Toolchain:       MDK-Lite  Version: 5.31.0.0
Toolchain Path:  C:\Keil_v5\ARM\ARMCC\Bin
C Compiler:      Armcc.exe V5.06 update 6 (build 750)
Assembler:       Armasm.exe V5.06 update 6 (build 750)
Linker/Locator:  ArmLink.exe V5.06 update 6 (build 750)
Library Manager: ArmAr.exe V5.06 update 6 (build 750)
Hex Converter:   FromElf.exe V5.06 update 6 (build 750)
CPU DLL:         SARMCM3.DLL V5.31.0.0
Dialog DLL:      DCM.DLL V1.17.3.0
Target DLL:      STLink\ST-LINKIII-KEIL_SWO.dll V3.0.7.0
Dialog DLL:      TCM.DLL V1.46.0.0
 
<h2>Project:</h2>
D:\Work\TrackBall_Keyboardv1.7-draft trash\MDK-ARM\F103_MCU_SETTING_USB_TEST.uvprojx
Project File Date:  03/31/2021

<h2>Output:</h2>
*** Using Compiler 'V5.06 update 6 (build 750)', folder: 'C:\Keil_v5\ARM\ARMCC\Bin'
Build target 'F103_MCU_SETTING_USB_TEST'
compiling trackball.c...
..\Core\Src\trackball.c(20): warning:  #68-D: integer conversion resulted in a change of sign
  				USB_Mouse_Buffer[Axis] = -Cursor_Step;//cursor is moving down(if Y) or right(if X);			
..\Core\Src\trackball.c(37): warning:  #223-D: function "USBD_CUSTOM_HID_SendReport" declared implicitly
  		USBD_CUSTOM_HID_SendReport(&hUsbDeviceFS, USB_Mouse_Buffer, 5);
..\Core\Src\trackball.c: 2 warnings, 0 errors
compiling keyboard.c...
..\Core\Src\keyboard.c(149): warning:  #223-D: function "USBD_CUSTOM_HID_SendReport" declared implicitly
  	*Keyboard_Send_Report_Status_Ptr = USBD_CUSTOM_HID_SendReport(&hUsbDeviceFS, USB_Keyboard_Buffer, 9);
..\Core\Src\keyboard.c: 1 warning, 0 errors
compiling main.c...
compiling stm32f1xx_it.c...
compiling stm32f1xx_hal_msp.c...
compiling usb_device.c...
compiling usbd_custom_hid_if.c...
compiling usbd_desc.c...
compiling usbd_conf.c...
compiling usbd_ctlreq.c...
compiling usbd_core.c...
compiling usbd_ioreq.c...
compiling usbd_customhid.c...
linking...
Program Size: Code=14992 RO-data=284 RW-data=536 ZI-data=3192  
FromELF: creating hex file...
"F103_MCU_SETTING_USB_TEST\F103_MCU_SETTING_USB_TEST.axf" - 0 Error(s), 3 Warning(s).

<h2>Software Packages used:</h2>

Package Vendor: ARM
                http://www.keil.com/pack/ARM.CMSIS.5.7.0.pack
                ARM.CMSIS.5.7.0
                CMSIS (Cortex Microcontroller Software Interface Standard)
   * Component: CORE Version: 5.4.0

Package Vendor: Keil
                http://www.keil.com/pack/Keil.STM32F1xx_DFP.2.3.0.pack
                Keil.STM32F1xx_DFP.2.3.0
                STMicroelectronics STM32F1 Series Device Support, Drivers and Examples

<h2>Collection of Component include folders:</h2>
  .\RTE\_F103_MCU_SETTING_USB_TEST
  C:\Users\anrit\AppData\Local\Arm\Packs\ARM\CMSIS\5.7.0\CMSIS\Core\Include
  C:\Users\anrit\AppData\Local\Arm\Packs\Keil\STM32F1xx_DFP\2.3.0\Device\Include

<h2>Collection of Component Files used:</h2>

   * Component: ARM::CMSIS:CORE:5.4.0
      Include file:  CMSIS\Core\Include\tz_context.h
Build Time Elapsed:  00:00:13
</pre>
</body>
</html>
