Component: ARM Compiler 5.06 update 6 (build 750) Tool: armlink [4d35ed]

==============================================================================

Section Cross References

    startup_stm32f103xb.o(RESET) refers to startup_stm32f103xb.o(STACK) for __initial_sp
    startup_stm32f103xb.o(RESET) refers to startup_stm32f103xb.o(.text) for Reset_Handler
    startup_stm32f103xb.o(RESET) refers to stm32f1xx_it.o(i.NMI_Handler) for NMI_Handler
    startup_stm32f103xb.o(RESET) refers to stm32f1xx_it.o(i.HardFault_Handler) for HardFault_Handler
    startup_stm32f103xb.o(RESET) refers to stm32f1xx_it.o(i.MemManage_Handler) for MemManage_Handler
    startup_stm32f103xb.o(RESET) refers to stm32f1xx_it.o(i.BusFault_Handler) for BusFault_Handler
    startup_stm32f103xb.o(RESET) refers to stm32f1xx_it.o(i.UsageFault_Handler) for UsageFault_Handler
    startup_stm32f103xb.o(RESET) refers to stm32f1xx_it.o(i.SVC_Handler) for SVC_Handler
    startup_stm32f103xb.o(RESET) refers to stm32f1xx_it.o(i.DebugMon_Handler) for DebugMon_Handler
    startup_stm32f103xb.o(RESET) refers to stm32f1xx_it.o(i.PendSV_Handler) for PendSV_Handler
    startup_stm32f103xb.o(RESET) refers to stm32f1xx_it.o(i.SysTick_Handler) for SysTick_Handler
    startup_stm32f103xb.o(RESET) refers to stm32f1xx_it.o(i.USB_LP_CAN1_RX0_IRQHandler) for USB_LP_CAN1_RX0_IRQHandler
    startup_stm32f103xb.o(RESET) refers to stm32f1xx_it.o(i.TIM2_IRQHandler) for TIM2_IRQHandler
    startup_stm32f103xb.o(RESET) refers to stm32f1xx_it.o(i.TIM4_IRQHandler) for TIM4_IRQHandler
    startup_stm32f103xb.o(.text) refers to system_stm32f1xx.o(i.SystemInit) for SystemInit
    startup_stm32f103xb.o(.text) refers to entry.o(.ARM.Collect$$$$00000000) for __main
    trackball.o(i.Get_Mouse_Direction) refers to trackball.o(i.Get_Mouse_One_Axis_Direction) for Get_Mouse_One_Axis_Direction
    trackball.o(i.Get_Mouse_Direction) refers to trackball.o(.data) for .data
    trackball.o(i.Get_Mouse_One_Axis_Direction) refers to main.o(.bss) for htim2
    trackball.o(i.Get_Mouse_One_Axis_Direction) refers to trackball.o(.data) for .data
    trackball.o(i.Send_Mouse_USB_Data) refers to usbd_customhid.o(i.USBD_CUSTOM_HID_SendReport) for USBD_CUSTOM_HID_SendReport
    trackball.o(i.Send_Mouse_USB_Data) refers to trackball.o(.data) for .data
    trackball.o(i.Send_Mouse_USB_Data) refers to usb_device.o(.bss) for hUsbDeviceFS
    trackball.o(i.Set_Click) refers to trackball.o(.data) for .data
    trackball.o(.data) refers to main.o(.bss) for htim4
    keyboard.o(i.Antighosting_Check) refers to keyboard.o(.data) for .data
    keyboard.o(i.Antighosting_Check) refers to main.o(.data) for Row_Number
    keyboard.o(i.Antighosting_Check) refers to keyboard.o(.bss) for .bss
    keyboard.o(i.Clearing_Flags) refers to keyboard.o(.data) for .data
    keyboard.o(i.Clearing_Flags) refers to keyboard.o(.bss) for .bss
    keyboard.o(i.Is_Modifier_Key_In_HID_Keyboard_Buffer) refers to keyboard.o(.data) for .data
    keyboard.o(i.Is_Modifier_Key_In_HID_Keyboard_Buffer) refers to main.o(.data) for Row_Number
    keyboard.o(i.Is_Modifier_Key_In_HID_Keyboard_Buffer_Old) refers to keyboard.o(.data) for .data
    keyboard.o(i.Is_Modifier_Key_In_HID_Keyboard_Buffer_Old) refers to main.o(.data) for Row_Number
    keyboard.o(i.Is_Usual_Key_In_HID_Keyboard_Buffer) refers to keyboard.o(.data) for .data
    keyboard.o(i.Is_Usual_Key_In_HID_Keyboard_Buffer) refers to main.o(.data) for Col_Number
    keyboard.o(i.Is_Usual_Key_In_HID_Keyboard_Buffer_Old) refers to keyboard.o(.data) for .data
    keyboard.o(i.Is_Usual_Key_In_HID_Keyboard_Buffer_Old) refers to main.o(.data) for Col_Number
    keyboard.o(i.Keyboard_Send_Data_Handle) refers to keyboard.o(i.Clone_Array) for Clone_Array
    keyboard.o(i.Keyboard_Send_Data_Handle) refers to keyboard.o(i.Is_Array_NULL) for Is_Array_NULL
    keyboard.o(i.Keyboard_Send_Data_Handle) refers to keyboard.o(i.Send_Keyboard_USB_Data) for Send_Keyboard_USB_Data
    keyboard.o(i.Keyboard_Send_Data_Handle) refers to stm32f1xx_hal.o(i.HAL_Delay) for HAL_Delay
    keyboard.o(i.Keyboard_Send_Data_Handle) refers to stm32f1xx_hal_gpio.o(i.HAL_GPIO_WritePin) for HAL_GPIO_WritePin
    keyboard.o(i.Keyboard_Send_Data_Handle) refers to keyboard.o(.data) for .data
    keyboard.o(i.Polling_New_Modifier_Buttons) refers to keyboard.o(i.Is_Modifier_Key_In_HID_Keyboard_Buffer) for Is_Modifier_Key_In_HID_Keyboard_Buffer
    keyboard.o(i.Polling_New_Modifier_Buttons) refers to keyboard.o(i.Antighosting_Check) for Antighosting_Check
    keyboard.o(i.Polling_New_Modifier_Buttons) refers to keyboard.o(i.USB_Data_Modifier_Keys_Update) for USB_Data_Modifier_Keys_Update
    keyboard.o(i.Polling_New_Usual_Buttons) refers to keyboard.o(i.Is_Usual_Key_In_HID_Keyboard_Buffer) for Is_Usual_Key_In_HID_Keyboard_Buffer
    keyboard.o(i.Polling_New_Usual_Buttons) refers to keyboard.o(i.Antighosting_Check) for Antighosting_Check
[...]
    ../Drivers/STM32F1xx_HAL_Driver/Src/stm32f1xx_hal_flash_ex.c 0x00000000   Number         0  stm32f1xx_hal_flash_ex.o ABSOLUTE
    ../Drivers/STM32F1xx_HAL_Driver/Src/stm32f1xx_hal_gpio.c 0x00000000   Number         0  stm32f1xx_hal_gpio.o ABSOLUTE
    ../Drivers/STM32F1xx_HAL_Driver/Src/stm32f1xx_hal_gpio_ex.c 0x00000000   Number         0  stm32f1xx_hal_gpio_ex.o ABSOLUTE
    ../Drivers/STM32F1xx_HAL_Driver/Src/stm32f1xx_hal_pcd.c 0x00000000   Number         0  stm32f1xx_hal_pcd.o ABSOLUTE
    ../Drivers/STM32F1xx_HAL_Driver/Src/stm32f1xx_hal_pcd_ex.c 0x00000000   Number         0  stm32f1xx_hal_pcd_ex.o ABSOLUTE
    ../Drivers/STM32F1xx_HAL_Driver/Src/stm32f1xx_hal_pwr.c 0x00000000   Number         0  stm32f1xx_hal_pwr.o ABSOLUTE
    ../Drivers/STM32F1xx_HAL_Driver/Src/stm32f1xx_hal_rcc.c 0x00000000   Number         0  stm32f1xx_hal_rcc.o ABSOLUTE
    ../Drivers/STM32F1xx_HAL_Driver/Src/stm32f1xx_hal_rcc_ex.c 0x00000000   Number         0  stm32f1xx_hal_rcc_ex.o ABSOLUTE
    ../Drivers/STM32F1xx_HAL_Driver/Src/stm32f1xx_hal_tim.c 0x00000000   Number         0  stm32f1xx_hal_tim.o ABSOLUTE
    ../Drivers/STM32F1xx_HAL_Driver/Src/stm32f1xx_hal_tim_ex.c 0x00000000   Number         0  stm32f1xx_hal_tim_ex.o ABSOLUTE
    ../Drivers/STM32F1xx_HAL_Driver/Src/stm32f1xx_ll_usb.c 0x00000000   Number         0  stm32f1xx_ll_usb.o ABSOLUTE
    ../Middlewares/ST/STM32_USB_Device_Library/Class/CustomHID/Src/usbd_customhid.c 0x00000000   Number         0  usbd_customhid.o ABSOLUTE
    ../Middlewares/ST/STM32_USB_Device_Library/Core/Src/usbd_core.c 0x00000000   Number         0  usbd_core.o ABSOLUTE
    ../Middlewares/ST/STM32_USB_Device_Library/Core/Src/usbd_ctlreq.c 0x00000000   Number         0  usbd_ctlreq.o ABSOLUTE
    ../Middlewares/ST/STM32_USB_Device_Library/Core/Src/usbd_ioreq.c 0x00000000   Number         0  usbd_ioreq.o ABSOLUTE
    ../USB_DEVICE/App/usb_device.c           0x00000000   Number         0  usb_device.o ABSOLUTE
    ../USB_DEVICE/App/usbd_custom_hid_if.c   0x00000000   Number         0  usbd_custom_hid_if.o ABSOLUTE
    ../USB_DEVICE/App/usbd_desc.c            0x00000000   Number         0  usbd_desc.o ABSOLUTE
    ../USB_DEVICE/Target/usbd_conf.c         0x00000000   Number         0  usbd_conf.o ABSOLUTE
    ../clib/../cmprslib/zerorunl2.c          0x00000000   Number         0  __dczerorl2.o ABSOLUTE
    ../clib/microlib/init/entry.s            0x00000000   Number         0  entry7a.o ABSOLUTE
    ../clib/microlib/init/entry.s            0x00000000   Number         0  entry8b.o ABSOLUTE
    ../clib/microlib/init/entry.s            0x00000000   Number         0  entry11b.o ABSOLUTE
    ../clib/microlib/init/entry.s            0x00000000   Number         0  entry8a.o ABSOLUTE
    ../clib/microlib/init/entry.s            0x00000000   Number         0  entry7b.o ABSOLUTE
    ../clib/microlib/init/entry.s            0x00000000   Number         0  entry5.o ABSOLUTE
    ../clib/microlib/init/entry.s            0x00000000   Number         0  entry9a.o ABSOLUTE
    ../clib/microlib/init/entry.s            0x00000000   Number         0  entry11a.o ABSOLUTE
    ../clib/microlib/init/entry.s            0x00000000   Number         0  entry2.o ABSOLUTE
    ../clib/microlib/init/entry.s            0x00000000   Number         0  entry.o ABSOLUTE
    ../clib/microlib/init/entry.s            0x00000000   Number         0  entry10b.o ABSOLUTE
    ../clib/microlib/init/entry.s            0x00000000   Number         0  entry10a.o ABSOLUTE
    ../clib/microlib/init/entry.s            0x00000000   Number         0  entry9b.o ABSOLUTE
    ../clib/microlib/longlong.c              0x00000000   Number         0  llushr.o ABSOLUTE
    ../clib/microlib/string/memcpy.c         0x00000000   Number         0  memcpya.o ABSOLUTE
    ../clib/microlib/string/memcpy.c         0x00000000   Number         0  memcpyb.o ABSOLUTE
    ../clib/microlib/string/memset.c         0x00000000   Number         0  memseta.o ABSOLUTE
    ..\Core\Src\keyboard.c                   0x00000000   Number         0  keyboard.o ABSOLUTE
    ..\Core\Src\main.c                       0x00000000   Number         0  main.o ABSOLUTE
    ..\Core\Src\stm32f1xx_hal_msp.c          0x00000000   Number         0  stm32f1xx_hal_msp.o ABSOLUTE
    ..\Core\Src\stm32f1xx_it.c               0x00000000   Number         0  stm32f1xx_it.o ABSOLUTE
    ..\Core\Src\system_stm32f1xx.c           0x00000000   Number         0  system_stm32f1xx.o ABSOLUTE
    ..\Core\Src\trackball.c                  0x00000000   Number         0  trackball.o ABSOLUTE
    ..\Drivers\STM32F1xx_HAL_Driver\Src\stm32f1xx_hal.c 0x00000000   Number         0  stm32f1xx_hal.o ABSOLUTE
    ..\Drivers\STM32F1xx_HAL_Driver\Src\stm32f1xx_hal_cortex.c 0x00000000   Number         0  stm32f1xx_hal_cortex.o ABSOLUTE
    ..\Drivers\STM32F1xx_HAL_Driver\Src\stm32f1xx_hal_dma.c 0x00000000   Number         0  stm32f1xx_hal_dma.o ABSOLUTE
    ..\Drivers\STM32F1xx_HAL_Driver\Src\stm32f1xx_hal_exti.c 0x00000000   Number         0  stm32f1xx_hal_exti.o ABSOLUTE
    ..\Drivers\STM32F1xx_HAL_Driver\Src\stm32f1xx_hal_flash.c 0x00000000   Number         0  stm32f1xx_hal_flash.o ABSOLUTE
    ..\Drivers\STM32F1xx_HAL_Driver\Src\stm32f1xx_hal_flash_ex.c 0x00000000   Number         0  stm32f1xx_hal_flash_ex.o ABSOLUTE
    ..\Drivers\STM32F1xx_HAL_Driver\Src\stm32f1xx_hal_gpio.c 0x00000000   Number         0  stm32f1xx_hal_gpio.o ABSOLUTE
    ..\Drivers\STM32F1xx_HAL_Driver\Src\stm32f1xx_hal_gpio_ex.c 0x00000000   Number         0  stm32f1xx_hal_gpio_ex.o ABSOLUTE
    ..\Drivers\STM32F1xx_HAL_Driver\Src\stm32f1xx_hal_pcd.c 0x00000000   Number         0  stm32f1xx_hal_pcd.o ABSOLUTE
    ..\Drivers\STM32F1xx_HAL_Driver\Src\stm32f1xx_hal_pcd_ex.c 0x00000000   Number         0  stm32f1xx_hal_pcd_ex.o ABSOLUTE
    ..\Drivers\STM32F1xx_HAL_Driver\Src\stm32f1xx_hal_pwr.c 0x00000000   Number         0  stm32f1xx_hal_pwr.o ABSOLUTE
    ..\Drivers\STM32F1xx_HAL_Driver\Src\stm32f1xx_hal_rcc.c 0x00000000   Number         0  stm32f1xx_hal_rcc.o ABSOLUTE
    ..\Drivers\STM32F1xx_HAL_Driver\Src\stm32f1xx_hal_rcc_ex.c 0x00000000   Number         0  stm32f1xx_hal_rcc_ex.o ABSOLUTE
    ..\Drivers\STM32F1xx_HAL_Driver\Src\stm32f1xx_hal_tim.c 0x00000000   Number         0  stm32f1xx_hal_tim.o ABSOLUTE
    ..\Drivers\STM32F1xx_HAL_Driver\Src\stm32f1xx_hal_tim_ex.c 0x00000000   Number         0  stm32f1xx_hal_tim_ex.o ABSOLUTE
    ..\Drivers\STM32F1xx_HAL_Driver\Src\stm32f1xx_ll_usb.c 0x00000000   Number         0  stm32f1xx_ll_usb.o ABSOLUTE
    ..\Middlewares\ST\STM32_USB_Device_Library\Class\CustomHID\Src\usbd_customhid.c 0x00000000   Number         0  usbd_customhid.o ABSOLUTE
    ..\Middlewares\ST\STM32_USB_Device_Library\Core\Src\usbd_core.c 0x00000000   Number         0  usbd_core.o ABSOLUTE
    ..\Middlewares\ST\STM32_USB_Device_Library\Core\Src\usbd_ctlreq.c 0x00000000   Number         0  usbd_ctlreq.o ABSOLUTE
    ..\Middlewares\ST\STM32_USB_Device_Library\Core\Src\usbd_ioreq.c 0x00000000   Number         0  usbd_ioreq.o ABSOLUTE
    ..\USB_DEVICE\App\usb_device.c           0x00000000   Number         0  usb_device.o ABSOLUTE
    ..\USB_DEVICE\App\usbd_custom_hid_if.c   0x00000000   Number         0  usbd_custom_hid_if.o ABSOLUTE
    ..\USB_DEVICE\App\usbd_desc.c            0x00000000   Number         0  usbd_desc.o ABSOLUTE
    ..\USB_DEVICE\Target\usbd_conf.c         0x00000000   Number         0  usbd_conf.o ABSOLUTE
    ..\\Core\\Src\\keyboard.c                0x00000000   Number         0  keyboard.o ABSOLUTE
    ..\\Core\\Src\\trackball.c               0x00000000   Number         0  trackball.o ABSOLUTE
    dc.s                                     0x00000000   Number         0  dc.o ABSOLUTE
    handlers.s                               0x00000000   Number         0  handlers.o ABSOLUTE
    init.s                                   0x00000000   Number         0  init.o ABSOLUTE
    startup_stm32f103xb.s                    0x00000000   Number         0  startup_stm32f103xb.o ABSOLUTE
    RESET                                    0x08000000   Section      236  startup_stm32f103xb.o(RESET)
    .ARM.Collect$$$$00000000                 0x080000ec   Section        0  entry.o(.ARM.Collect$$$$00000000)
    .ARM.Collect$$$$00000001                 0x080000ec   Section        4  entry2.o(.ARM.Collect$$$$00000001)
    .ARM.Collect$$$$00000004                 0x080000f0   Section        4  entry5.o(.ARM.Collect$$$$00000004)
    .ARM.Collect$$$$00000008                 0x080000f4   Section        0  entry7b.o(.ARM.Collect$$$$00000008)
    .ARM.Collect$$$$0000000A                 0x080000f4   Section        0  entry8b.o(.ARM.Collect$$$$0000000A)
    .ARM.Collect$$$$0000000B                 0x080000f4   Section        8  entry9a.o(.ARM.Collect$$$$0000000B)
    .ARM.Collect$$$$0000000D                 0x080000fc   Section        0  entry10a.o(.ARM.Collect$$$$0000000D)
    .ARM.Collect$$$$0000000F                 0x080000fc   Section        0  entry11a.o(.ARM.Collect$$$$0000000F)
    .ARM.Collect$$$$00002712                 0x080000fc   Section        4  entry2.o(.ARM.Collect$$$$00002712)
    __lit__00000000                          0x080000fc   Data           4  entry2.o(.ARM.Collect$$$$00002712)
    .text                                    0x08000100   Section       36  startup_stm32f103xb.o(.text)
    .text                                    0x08000124   Section        0  memcpya.o(.text)
    .text                                    0x08000148   Section        0  memseta.o(.text)
    .text                                    0x0800016c   Section       36  init.o(.text)
    .text                                    0x08000190   Section        0  __dczerorl2.o(.text)
    i.Antighosting_Check                     0x080001e8   Section        0  keyboard.o(i.Antighosting_Check)
    i.BusFault_Handler                       0x08000268   Section        0  stm32f1xx_it.o(i.BusFault_Handler)
    i.CUSTOM_HID_DeInit_FS                   0x0800026a   Section        0  usbd_custom_hid_if.o(i.CUSTOM_HID_DeInit_FS)
    CUSTOM_HID_DeInit_FS                     0x0800026b   Thumb Code     4  usbd_custom_hid_if.o(i.CUSTOM_HID_DeInit_FS)
    i.CUSTOM_HID_Init_FS                     0x0800026e   Section        0  usbd_custom_hid_if.o(i.CUSTOM_HID_Init_FS)
    CUSTOM_HID_Init_FS                       0x0800026f   Thumb Code     4  usbd_custom_hid_if.o(i.CUSTOM_HID_Init_FS)
    i.CUSTOM_HID_OutEvent_FS                 0x08000272   Section        0  usbd_custom_hid_if.o(i.CUSTOM_HID_OutEvent_FS)
    CUSTOM_HID_OutEvent_FS                   0x08000273   Thumb Code     4  usbd_custom_hid_if.o(i.CUSTOM_HID_OutEvent_FS)
    i.Clearing_Flags                         0x08000278   Section        0  keyboard.o(i.Clearing_Flags)
    i.Clone_Array                            0x080002c8   Section        0  keyboard.o(i.Clone_Array)
    i.DebugMon_Handler                       0x080002d6   Section        0  stm32f1xx_it.o(i.DebugMon_Handler)
    i.Error_Handler                          0x080002d8   Section        0  main.o(i.Error_Handler)
    i.Get_Mouse_Direction                    0x080002dc   Section        0  trackball.o(i.Get_Mouse_Direction)
    i.Get_Mouse_One_Axis_Direction           0x080002f4   Section        0  trackball.o(i.Get_Mouse_One_Axis_Direction)
    i.HAL_Delay                              0x08000338   Section        0  stm32f1xx_hal.o(i.HAL_Delay)
    i.HAL_GPIO_Init                          0x0800035c   Section        0  stm32f1xx_hal_gpio.o(i.HAL_GPIO_Init)
    i.HAL_GPIO_ReadPin                       0x0800053c   Section        0  stm32f1xx_hal_gpio.o(i.HAL_GPIO_ReadPin)
    i.HAL_GPIO_WritePin                      0x08000546   Section        0  stm32f1xx_hal_gpio.o(i.HAL_GPIO_WritePin)
    i.HAL_GetTick                            0x08000550   Section        0  stm32f1xx_hal.o(i.HAL_GetTick)
    i.HAL_IncTick                            0x0800055c   Section        0  stm32f1xx_hal.o(i.HAL_IncTick)
    i.HAL_Init                               0x0800056c   Section        0  stm32f1xx_hal.o(i.HAL_Init)
    i.HAL_InitTick                           0x08000590   Section        0  stm32f1xx_hal.o(i.HAL_InitTick)
    i.HAL_MspInit                            0x080005d0   Section        0  stm32f1xx_hal_msp.o(i.HAL_MspInit)
    i.HAL_NVIC_EnableIRQ                     0x0800060c   Section        0  stm32f1xx_hal_cortex.o(i.HAL_NVIC_EnableIRQ)
    i.HAL_NVIC_SetPriority                   0x08000628   Section        0  stm32f1xx_hal_cortex.o(i.HAL_NVIC_SetPriority)
    i.HAL_NVIC_SetPriorityGrouping           0x08000668   Section        0  stm32f1xx_hal_cortex.o(i.HAL_NVIC_SetPriorityGrouping)
    i.HAL_PCDEx_PMAConfig                    0x0800068c   Section        0  stm32f1xx_hal_pcd_ex.o(i.HAL_PCDEx_PMAConfig)
    i.HAL_PCDEx_SetConnectionState           0x080006c8   Section        0  usbd_conf.o(i.HAL_PCDEx_SetConnectionState)
    i.HAL_PCD_DataInStageCallback            0x080006ca   Section        0  usbd_conf.o(i.HAL_PCD_DataInStageCallback)
    i.HAL_PCD_DataOutStageCallback           0x080006dc   Section        0  usbd_conf.o(i.HAL_PCD_DataOutStageCallback)
    i.HAL_PCD_EP_Close                       0x080006f0   Section        0  stm32f1xx_hal_pcd.o(i.HAL_PCD_EP_Close)
    i.HAL_PCD_EP_ClrStall                    0x0800073c   Section        0  stm32f1xx_hal_pcd.o(i.HAL_PCD_EP_ClrStall)
    i.HAL_PCD_EP_DB_Receive                  0x08000798   Section        0  stm32f1xx_hal_pcd.o(i.HAL_PCD_EP_DB_Receive)
    HAL_PCD_EP_DB_Receive                    0x08000799   Thumb Code   230  stm32f1xx_hal_pcd.o(i.HAL_PCD_EP_DB_Receive)
    i.HAL_PCD_EP_DB_Transmit                 0x0800087e   Section        0  stm32f1xx_hal_pcd.o(i.HAL_PCD_EP_DB_Transmit)
    HAL_PCD_EP_DB_Transmit                   0x0800087f   Thumb Code   544  stm32f1xx_hal_pcd.o(i.HAL_PCD_EP_DB_Transmit)
    i.HAL_PCD_EP_Open                        0x08000a9e   Section        0  stm32f1xx_hal_pcd.o(i.HAL_PCD_EP_Open)
    i.HAL_PCD_EP_Receive                     0x08000afe   Section        0  stm32f1xx_hal_pcd.o(i.HAL_PCD_EP_Receive)
    i.HAL_PCD_EP_SetStall                    0x08000b30   Section        0  stm32f1xx_hal_pcd.o(i.HAL_PCD_EP_SetStall)
    i.HAL_PCD_EP_Transmit                    0x08000ba2   Section        0  stm32f1xx_hal_pcd.o(i.HAL_PCD_EP_Transmit)
    i.HAL_PCD_IRQHandler                     0x08000bd6   Section        0  stm32f1xx_hal_pcd.o(i.HAL_PCD_IRQHandler)
    i.HAL_PCD_Init                           0x08000d2c   Section        0  stm32f1xx_hal_pcd.o(i.HAL_PCD_Init)
    i.HAL_PCD_MspInit                        0x08000e08   Section        0  usbd_conf.o(i.HAL_PCD_MspInit)
    i.HAL_PCD_ResetCallback                  0x08000e44   Section        0  usbd_conf.o(i.HAL_PCD_ResetCallback)
    i.HAL_PCD_ResumeCallback                 0x08000e6a   Section        0  usbd_conf.o(i.HAL_PCD_ResumeCallback)
    i.HAL_PCD_SOFCallback                    0x08000e72   Section        0  usbd_conf.o(i.HAL_PCD_SOFCallback)
    i.HAL_PCD_SetAddress                     0x08000e7a   Section        0  stm32f1xx_hal_pcd.o(i.HAL_PCD_SetAddress)
    i.HAL_PCD_SetupStageCallback             0x08000ea2   Section        0  usbd_conf.o(i.HAL_PCD_SetupStageCallback)
    i.HAL_PCD_Start                          0x08000eb0   Section        0  stm32f1xx_hal_pcd.o(i.HAL_PCD_Start)
    i.HAL_PCD_SuspendCallback                0x08000ee4   Section        0  usbd_conf.o(i.HAL_PCD_SuspendCallback)
    i.HAL_RCCEx_PeriphCLKConfig              0x08000f08   Section        0  stm32f1xx_hal_rcc_ex.o(i.HAL_RCCEx_PeriphCLKConfig)
    i.HAL_RCC_ClockConfig                    0x08000ff4   Section        0  stm32f1xx_hal_rcc.o(i.HAL_RCC_ClockConfig)
    i.HAL_RCC_GetSysClockFreq                0x08001120   Section        0  stm32f1xx_hal_rcc.o(i.HAL_RCC_GetSysClockFreq)
    i.HAL_RCC_OscConfig                      0x0800118c   Section        0  stm32f1xx_hal_rcc.o(i.HAL_RCC_OscConfig)
    i.HAL_SYSTICK_Config                     0x080014ac   Section        0  stm32f1xx_hal_cortex.o(i.HAL_SYSTICK_Config)
    i.HAL_TIMEx_BreakCallback                0x080014d4   Section        0  stm32f1xx_hal_tim_ex.o(i.HAL_TIMEx_BreakCallback)
    i.HAL_TIMEx_CommutCallback               0x080014d6   Section        0  stm32f1xx_hal_tim_ex.o(i.HAL_TIMEx_CommutCallback)
    i.HAL_TIMEx_MasterConfigSynchronization  0x080014d8   Section        0  stm32f1xx_hal_tim_ex.o(i.HAL_TIMEx_MasterConfigSynchronization)
    i.HAL_TIM_Encoder_Init                   0x08001540   Section        0  stm32f1xx_hal_tim.o(i.HAL_TIM_Encoder_Init)
    i.HAL_TIM_Encoder_MspInit                0x080015e4   Section        0  stm32f1xx_hal_msp.o(i.HAL_TIM_Encoder_MspInit)
    i.HAL_TIM_Encoder_Start_IT               0x08001690   Section        0  stm32f1xx_hal_tim.o(i.HAL_TIM_Encoder_Start_IT)
    i.HAL_TIM_IC_CaptureCallback             0x08001746   Section        0  stm32f1xx_hal_tim.o(i.HAL_TIM_IC_CaptureCallback)
    i.HAL_TIM_IRQHandler                     0x08001748   Section        0  stm32f1xx_hal_tim.o(i.HAL_TIM_IRQHandler)
    i.HAL_TIM_OC_DelayElapsedCallback        0x080018ae   Section        0  stm32f1xx_hal_tim.o(i.HAL_TIM_OC_DelayElapsedCallback)
    i.HAL_TIM_PWM_PulseFinishedCallback      0x080018b0   Section        0  stm32f1xx_hal_tim.o(i.HAL_TIM_PWM_PulseFinishedCallback)
    i.HAL_TIM_PeriodElapsedCallback          0x080018b2   Section        0  stm32f1xx_hal_tim.o(i.HAL_TIM_PeriodElapsedCallback)
    i.HAL_TIM_TriggerCallback                0x080018b4   Section        0  stm32f1xx_hal_tim.o(i.HAL_TIM_TriggerCallback)
    i.HardFault_Handler                      0x080018b6   Section        0  stm32f1xx_it.o(i.HardFault_Handler)
    i.IntToUnicode                           0x080018b8   Section        0  usbd_desc.o(i.IntToUnicode)
    IntToUnicode                             0x080018b9   Thumb Code    56  usbd_desc.o(i.IntToUnicode)
    i.Is_Array_NULL                          0x080018f0   Section        0  keyboard.o(i.Is_Array_NULL)
    i.Is_Modifier_Key_In_HID_Keyboard_Buffer 0x08001908   Section        0  keyboard.o(i.Is_Modifier_Key_In_HID_Keyboard_Buffer)
    i.Is_Modifier_Key_In_HID_Keyboard_Buffer_Old 0x0800192c   Section        0  keyboard.o(i.Is_Modifier_Key_In_HID_Keyboard_Buffer_Old)
    i.Is_Usual_Key_In_HID_Keyboard_Buffer    0x0800194c   Section        0  keyboard.o(i.Is_Usual_Key_In_HID_Keyboard_Buffer)
    i.Is_Usual_Key_In_HID_Keyboard_Buffer_Old 0x08001988   Section        0  keyboard.o(i.Is_Usual_Key_In_HID_Keyboard_Buffer_Old)
    i.Keyboard_Send_Data_Handle              0x080019c4   Section        0  keyboard.o(i.Keyboard_Send_Data_Handle)
    i.MX_GPIO_Init                           0x08001a2c   Section        0  main.o(i.MX_GPIO_Init)
    MX_GPIO_Init                             0x08001a2d   Thumb Code   202  main.o(i.MX_GPIO_Init)
    i.MX_TIM2_Init                           0x08001b08   Section        0  main.o(i.MX_TIM2_Init)
    MX_TIM2_Init                             0x08001b09   Thumb Code    98  main.o(i.MX_TIM2_Init)
    i.MX_TIM4_Init                           0x08001b70   Section        0  main.o(i.MX_TIM4_Init)
    MX_TIM4_Init                             0x08001b71   Thumb Code    96  main.o(i.MX_TIM4_Init)
    i.MX_USB_DEVICE_Init                     0x08001bd8   Section        0  usb_device.o(i.MX_USB_DEVICE_Init)
    i.MemManage_Handler                      0x08001c2c   Section        0  stm32f1xx_it.o(i.MemManage_Handler)
    i.NMI_Handler                            0x08001c2e   Section        0  stm32f1xx_it.o(i.NMI_Handler)
    i.PCD_EP_ISR_Handler                     0x08001c30   Section        0  stm32f1xx_hal_pcd.o(i.PCD_EP_ISR_Handler)
    PCD_EP_ISR_Handler                       0x08001c31   Thumb Code   764  stm32f1xx_hal_pcd.o(i.PCD_EP_ISR_Handler)
    i.PendSV_Handler                         0x08001f2c   Section        0  stm32f1xx_it.o(i.PendSV_Handler)
    i.Polling_New_Modifier_Buttons           0x08001f2e   Section        0  keyboard.o(i.Polling_New_Modifier_Buttons)
    i.Polling_New_Usual_Buttons              0x08001f4c   Section        0  keyboard.o(i.Polling_New_Usual_Buttons)
    i.Polling_Old_Modifier_Buttons           0x08001f74   Section        0  keyboard.o(i.Polling_Old_Modifier_Buttons)
    i.Polling_Old_Usual_Buttons              0x08001f90   Section        0  keyboard.o(i.Polling_Old_Usual_Buttons)
    i.SVC_Handler                            0x08001fac   Section        0  stm32f1xx_it.o(i.SVC_Handler)
    i.Send_Keyboard_USB_Data                 0x08001fb0   Section        0  keyboard.o(i.Send_Keyboard_USB_Data)
    i.Send_Mouse_USB_Data                    0x08001fd0   Section        0  trackball.o(i.Send_Mouse_USB_Data)
    i.Set_Click                              0x08001fe4   Section        0  trackball.o(i.Set_Click)
    i.SysTick_Handler                        0x08001ff0   Section        0  stm32f1xx_it.o(i.SysTick_Handler)
    i.SystemClock_Config                     0x08001ff4   Section        0  main.o(i.SystemClock_Config)
    i.SystemInit                             0x0800206e   Section        0  system_stm32f1xx.o(i.SystemInit)
    i.TIM2_IRQHandler                        0x08002070   Section        0  stm32f1xx_it.o(i.TIM2_IRQHandler)
    i.TIM4_IRQHandler                        0x0800207c   Section        0  stm32f1xx_it.o(i.TIM4_IRQHandler)
    i.TIM_Base_SetConfig                     0x08002088   Section        0  stm32f1xx_hal_tim.o(i.TIM_Base_SetConfig)
    i.TIM_CCxChannelCmd                      0x080020f4   Section        0  stm32f1xx_hal_tim.o(i.TIM_CCxChannelCmd)
    i.USBD_CUSTOM_HID_DataIn                 0x0800210e   Section        0  usbd_customhid.o(i.USBD_CUSTOM_HID_DataIn)
    USBD_CUSTOM_HID_DataIn                   0x0800210f   Thumb Code    12  usbd_customhid.o(i.USBD_CUSTOM_HID_DataIn)
    i.USBD_CUSTOM_HID_DataOut                0x0800211a   Section        0  usbd_customhid.o(i.USBD_CUSTOM_HID_DataOut)
    USBD_CUSTOM_HID_DataOut                  0x0800211b   Thumb Code    36  usbd_customhid.o(i.USBD_CUSTOM_HID_DataOut)
    i.USBD_CUSTOM_HID_DeInit                 0x0800213e   Section        0  usbd_customhid.o(i.USBD_CUSTOM_HID_DeInit)
    USBD_CUSTOM_HID_DeInit                   0x0800213f   Thumb Code    56  usbd_customhid.o(i.USBD_CUSTOM_HID_DeInit)
    i.USBD_CUSTOM_HID_EP0_RxReady            0x08002176   Section        0  usbd_customhid.o(i.USBD_CUSTOM_HID_EP0_RxReady)
    USBD_CUSTOM_HID_EP0_RxReady              0x08002177   Thumb Code    34  usbd_customhid.o(i.USBD_CUSTOM_HID_EP0_RxReady)
    i.USBD_CUSTOM_HID_GetDeviceQualifierDesc 0x08002198   Section        0  usbd_customhid.o(i.USBD_CUSTOM_HID_GetDeviceQualifierDesc)
    USBD_CUSTOM_HID_GetDeviceQualifierDesc   0x08002199   Thumb Code     8  usbd_customhid.o(i.USBD_CUSTOM_HID_GetDeviceQualifierDesc)
    i.USBD_CUSTOM_HID_GetFSCfgDesc           0x080021a4   Section        0  usbd_customhid.o(i.USBD_CUSTOM_HID_GetFSCfgDesc)
    USBD_CUSTOM_HID_GetFSCfgDesc             0x080021a5   Thumb Code     8  usbd_customhid.o(i.USBD_CUSTOM_HID_GetFSCfgDesc)
    i.USBD_CUSTOM_HID_GetHSCfgDesc           0x080021b0   Section        0  usbd_customhid.o(i.USBD_CUSTOM_HID_GetHSCfgDesc)
    USBD_CUSTOM_HID_GetHSCfgDesc             0x080021b1   Thumb Code     8  usbd_customhid.o(i.USBD_CUSTOM_HID_GetHSCfgDesc)
    i.USBD_CUSTOM_HID_GetOtherSpeedCfgDesc   0x080021bc   Section        0  usbd_customhid.o(i.USBD_CUSTOM_HID_GetOtherSpeedCfgDesc)
    USBD_CUSTOM_HID_GetOtherSpeedCfgDesc     0x080021bd   Thumb Code     8  usbd_customhid.o(i.USBD_CUSTOM_HID_GetOtherSpeedCfgDesc)
    i.USBD_CUSTOM_HID_Init                   0x080021c8   Section        0  usbd_customhid.o(i.USBD_CUSTOM_HID_Init)
    USBD_CUSTOM_HID_Init                     0x080021c9   Thumb Code    82  usbd_customhid.o(i.USBD_CUSTOM_HID_Init)
    i.USBD_CUSTOM_HID_RegisterInterface      0x0800221a   Section        0  usbd_customhid.o(i.USBD_CUSTOM_HID_RegisterInterface)
    i.USBD_CUSTOM_HID_SendReport             0x0800222a   Section        0  usbd_customhid.o(i.USBD_CUSTOM_HID_SendReport)
    i.USBD_CUSTOM_HID_Setup                  0x08002254   Section        0  usbd_customhid.o(i.USBD_CUSTOM_HID_Setup)
    USBD_CUSTOM_HID_Setup                    0x08002255   Thumb Code   216  usbd_customhid.o(i.USBD_CUSTOM_HID_Setup)
    i.USBD_ClrClassConfig                    0x08002330   Section        0  usbd_core.o(i.USBD_ClrClassConfig)
    i.USBD_CtlContinueRx                     0x0800233e   Section        0  usbd_ioreq.o(i.USBD_CtlContinueRx)
    i.USBD_CtlContinueSendData               0x0800234e   Section        0  usbd_ioreq.o(i.USBD_CtlContinueSendData)
    i.USBD_CtlError                          0x0800235e   Section        0  usbd_ctlreq.o(i.USBD_CtlError)
    i.USBD_CtlPrepareRx                      0x08002374   Section        0  usbd_ioreq.o(i.USBD_CtlPrepareRx)
    i.USBD_CtlReceiveStatus                  0x08002392   Section        0  usbd_ioreq.o(i.USBD_CtlReceiveStatus)
    i.USBD_CtlSendData                       0x080023a8   Section        0  usbd_ioreq.o(i.USBD_CtlSendData)
    i.USBD_CtlSendStatus                     0x080023c2   Section        0  usbd_ioreq.o(i.USBD_CtlSendStatus)
    i.USBD_FS_ConfigStrDescriptor            0x080023d8   Section        0  usbd_desc.o(i.USBD_FS_ConfigStrDescriptor)
    i.USBD_FS_DeviceDescriptor               0x08002400   Section        0  usbd_desc.o(i.USBD_FS_DeviceDescriptor)
    i.USBD_FS_InterfaceStrDescriptor         0x0800240c   Section        0  usbd_desc.o(i.USBD_FS_InterfaceStrDescriptor)
    i.USBD_FS_LangIDStrDescriptor            0x08002438   Section        0  usbd_desc.o(i.USBD_FS_LangIDStrDescriptor)
    i.USBD_FS_ManufacturerStrDescriptor      0x08002444   Section        0  usbd_desc.o(i.USBD_FS_ManufacturerStrDescriptor)
    i.USBD_FS_ProductStrDescriptor           0x0800246c   Section        0  usbd_desc.o(i.USBD_FS_ProductStrDescriptor)
    i.USBD_FS_SerialStrDescriptor            0x080024a0   Section        0  usbd_desc.o(i.USBD_FS_SerialStrDescriptor)
    i.USBD_GetDescriptor                     0x080024d8   Section        0  usbd_ctlreq.o(i.USBD_GetDescriptor)
    USBD_GetDescriptor                       0x080024d9   Thumb Code   232  usbd_ctlreq.o(i.USBD_GetDescriptor)
    i.USBD_GetString                         0x080025c0   Section        0  usbd_ctlreq.o(i.USBD_GetString)
    i.USBD_Get_USB_Status                    0x08002608   Section        0  usbd_conf.o(i.USBD_Get_USB_Status)
    USBD_Get_USB_Status                      0x08002609   Thumb Code    24  usbd_conf.o(i.USBD_Get_USB_Status)
    i.USBD_Init                              0x08002620   Section        0  usbd_core.o(i.USBD_Init)
    i.USBD_LL_ClearStallEP                   0x0800264a   Section        0  usbd_conf.o(i.USBD_LL_ClearStallEP)
    i.USBD_LL_CloseEP                        0x0800265c   Section        0  usbd_conf.o(i.USBD_LL_CloseEP)
    i.USBD_LL_DataInStage                    0x0800266e   Section        0  usbd_core.o(i.USBD_LL_DataInStage)
    i.USBD_LL_DataOutStage                   0x08002734   Section        0  usbd_core.o(i.USBD_LL_DataOutStage)
    i.USBD_LL_Init                           0x080027b8   Section        0  usbd_conf.o(i.USBD_LL_Init)
    i.USBD_LL_IsStallEP                      0x08002828   Section        0  usbd_conf.o(i.USBD_LL_IsStallEP)
    i.USBD_LL_OpenEP                         0x08002848   Section        0  usbd_conf.o(i.USBD_LL_OpenEP)
    i.USBD_LL_PrepareReceive                 0x08002860   Section        0  usbd_conf.o(i.USBD_LL_PrepareReceive)
    i.USBD_LL_Reset                          0x08002872   Section        0  usbd_core.o(i.USBD_LL_Reset)
    i.USBD_LL_Resume                         0x080028c2   Section        0  usbd_core.o(i.USBD_LL_Resume)
    i.USBD_LL_SOF                            0x080028d6   Section        0  usbd_core.o(i.USBD_LL_SOF)
    i.USBD_LL_SetSpeed                       0x080028ee   Section        0  usbd_core.o(i.USBD_LL_SetSpeed)
    i.USBD_LL_SetUSBAddress                  0x080028f4   Section        0  usbd_conf.o(i.USBD_LL_SetUSBAddress)
    i.USBD_LL_SetupStage                     0x08002906   Section        0  usbd_core.o(i.USBD_LL_SetupStage)
    i.USBD_LL_StallEP                        0x08002960   Section        0  usbd_conf.o(i.USBD_LL_StallEP)
    i.USBD_LL_Start                          0x08002972   Section        0  usbd_conf.o(i.USBD_LL_Start)
    i.USBD_LL_Suspend                        0x08002984   Section        0  usbd_core.o(i.USBD_LL_Suspend)
    i.USBD_LL_Transmit                       0x08002996   Section        0  usbd_conf.o(i.USBD_LL_Transmit)
    i.USBD_ParseSetupRequest                 0x080029a8   Section        0  usbd_ctlreq.o(i.USBD_ParseSetupRequest)
    i.USBD_RegisterClass                     0x080029d0   Section        0  usbd_core.o(i.USBD_RegisterClass)
    i.USBD_SetClassConfig                    0x080029e0   Section        0  usbd_core.o(i.USBD_SetClassConfig)
    i.USBD_SetConfig                         0x080029f8   Section        0  usbd_ctlreq.o(i.USBD_SetConfig)
    USBD_SetConfig                           0x080029f9   Thumb Code   128  usbd_ctlreq.o(i.USBD_SetConfig)
    i.USBD_Start                             0x08002a7c   Section        0  usbd_core.o(i.USBD_Start)
    i.USBD_StdDevReq                         0x08002a86   Section        0  usbd_ctlreq.o(i.USBD_StdDevReq)
    i.USBD_StdEPReq                          0x08002b98   Section        0  usbd_ctlreq.o(i.USBD_StdEPReq)
    i.USBD_StdItfReq                         0x08002ce8   Section        0  usbd_ctlreq.o(i.USBD_StdItfReq)
    i.USBD_static_free                       0x08002d36   Section        0  usbd_conf.o(i.USBD_static_free)
    i.USBD_static_malloc                     0x08002d38   Section        0  usbd_conf.o(i.USBD_static_malloc)
    i.USB_ActivateEndpoint                   0x08002d40   Section        0  stm32f1xx_ll_usb.o(i.USB_ActivateEndpoint)
    i.USB_CoreInit                           0x08002f98   Section        0  stm32f1xx_ll_usb.o(i.USB_CoreInit)
    i.USB_Data_Modifier_Keys_Update          0x08002f9c   Section        0  keyboard.o(i.USB_Data_Modifier_Keys_Update)
    i.USB_Data_Usual_Keys_Update             0x08002fbc   Section        0  keyboard.o(i.USB_Data_Usual_Keys_Update)
    i.USB_DeactivateEndpoint                 0x08002ff4   Section        0  stm32f1xx_ll_usb.o(i.USB_DeactivateEndpoint)
    i.USB_DevConnect                         0x08003102   Section        0  stm32f1xx_ll_usb.o(i.USB_DevConnect)
    i.USB_DevDisconnect                      0x08003106   Section        0  stm32f1xx_ll_usb.o(i.USB_DevDisconnect)
    i.USB_DevInit                            0x0800310a   Section        0  stm32f1xx_ll_usb.o(i.USB_DevInit)
    i.USB_DisableGlobalInt                   0x0800311c   Section        0  stm32f1xx_ll_usb.o(i.USB_DisableGlobalInt)
    i.USB_EP0_OutStart                       0x0800312a   Section        0  stm32f1xx_ll_usb.o(i.USB_EP0_OutStart)
    i.USB_EPClearStall                       0x0800312e   Section        0  stm32f1xx_ll_usb.o(i.USB_EPClearStall)
    i.USB_EPSetStall                         0x080031a6   Section        0  stm32f1xx_ll_usb.o(i.USB_EPSetStall)
    i.USB_EPStartXfer                        0x080031d8   Section        0  stm32f1xx_ll_usb.o(i.USB_EPStartXfer)
    i.USB_EnableGlobalInt                    0x080036a6   Section        0  stm32f1xx_ll_usb.o(i.USB_EnableGlobalInt)
    i.USB_LP_CAN1_RX0_IRQHandler             0x080036b8   Section        0  stm32f1xx_it.o(i.USB_LP_CAN1_RX0_IRQHandler)
    i.USB_ReadInterrupts                     0x080036c4   Section        0  stm32f1xx_ll_usb.o(i.USB_ReadInterrupts)
    i.USB_ReadPMA                            0x080036cc   Section        0  stm32f1xx_ll_usb.o(i.USB_ReadPMA)
    i.USB_SetCurrentMode                     0x080036f8   Section        0  stm32f1xx_ll_usb.o(i.USB_SetCurrentMode)
    i.USB_SetDevAddress                      0x080036fc   Section        0  stm32f1xx_ll_usb.o(i.USB_SetDevAddress)
    i.USB_WritePMA                           0x08003708   Section        0  stm32f1xx_ll_usb.o(i.USB_WritePMA)
    i.Update_Counters                        0x08003730   Section        0  keyboard.o(i.Update_Counters)
    i.UsageFault_Handler                     0x08003768   Section        0  stm32f1xx_it.o(i.UsageFault_Handler)
    i.__NVIC_SetPriority                     0x0800376a   Section        0  stm32f1xx_hal_cortex.o(i.__NVIC_SetPriority)
    __NVIC_SetPriority                       0x0800376b   Thumb Code    32  stm32f1xx_hal_cortex.o(i.__NVIC_SetPriority)
    i.__scatterload_copy                     0x0800378a   Section       14  handlers.o(i.__scatterload_copy)
    i.__scatterload_null                     0x08003798   Section        2  handlers.o(i.__scatterload_null)
    i.__scatterload_zeroinit                 0x0800379a   Section       14  handlers.o(i.__scatterload_zeroinit)
    i.main                                   0x080037a8   Section        0  main.o(i.main)
    .constdata                               0x08003b7c   Section       16  system_stm32f1xx.o(.constdata)
    .data                                    0x20000000   Section       24  trackball.o(.data)
    USB_Mouse_Buffer                         0x20000000   Data           7  trackball.o(.data)
    .data                                    0x20000018   Section       77  keyboard.o(.data)
    Keys_Counter                             0x20000018   Data           1  keyboard.o(.data)
    Keyboard_Send_Report_Status              0x20000019   Data           1  keyboard.o(.data)
    Keyboard_Send_Report_Status_Ptr          0x2000001c   Data           4  keyboard.o(.data)
    Is_Empty_Array_Send_Ptr                  0x20000020   Data           4  keyboard.o(.data)
    Keys_Counter_Ptr                         0x20000024   Data           4  keyboard.o(.data)
    Modifier_Keys_Mask                       0x20000028   Data           5  keyboard.o(.data)
    Rows_Counters                            0x2000002d   Data           5  keyboard.o(.data)
    Cols_Counters                            0x20000032   Data           5  keyboard.o(.data)
    USB_Keyboard_Buffer_Old                  0x20000037   Data           8  keyboard.o(.data)
    USB_Keyboard_Buffer                      0x2000003f   Data           8  keyboard.o(.data)
    Keys_ID                                  0x20000047   Data          30  keyboard.o(.data)
    .data                                    0x20000065   Section        1  keyboard.o(.data)
    Is_Empty_Array_Send                      0x20000065   Data           1  keyboard.o(.data)
    .data                                    0x20000066   Section        2  main.o(.data)
    .data                                    0x20000068   Section       28  usbd_desc.o(.data)
    .data                                    0x20000084   Section       50  usbd_desc.o(.data)
    .data                                    0x200000b8   Section      101  usbd_custom_hid_if.o(.data)
    CUSTOM_HID_ReportDesc_FS                 0x200000b8   Data         101  usbd_custom_hid_if.o(.data)
    .data                                    0x20000120   Section       16  usbd_custom_hid_if.o(.data)
    .data                                    0x20000130   Section       12  stm32f1xx_hal.o(.data)
    .data                                    0x2000013c   Section        4  system_stm32f1xx.o(.data)
    .data                                    0x20000140   Section        1  usbd_ctlreq.o(.data)
    cfgidx                                   0x20000140   Data           1  usbd_ctlreq.o(.data)
    .data                                    0x20000144   Section       56  usbd_customhid.o(.data)
    .data                                    0x2000017c   Section      154  usbd_customhid.o(.data)
    USBD_CUSTOM_HID_CfgFSDesc                0x2000017c   Data          41  usbd_customhid.o(.data)
    USBD_CUSTOM_HID_CfgHSDesc                0x200001a8   Data          41  usbd_customhid.o(.data)
    USBD_CUSTOM_HID_OtherSpeedCfgDesc        0x200001d4   Data          41  usbd_customhid.o(.data)
    USBD_CUSTOM_HID_Desc                     0x20000200   Data           9  usbd_customhid.o(.data)
    USBD_CUSTOM_HID_DeviceQualifierDesc      0x2000020c   Data          10  usbd_customhid.o(.data)
    .bss                                     0x20000218   Section       25  keyboard.o(.bss)
    Key_State                                0x20000218   Data          25  keyboard.o(.bss)
    .bss                                     0x20000234   Section      144  main.o(.bss)
    .bss                                     0x200002c4   Section      708  usb_device.o(.bss)
    .bss                                     0x20000588   Section      512  usbd_desc.o(.bss)
    .bss                                     0x20000788   Section      776  usbd_conf.o(.bss)
    mem                                      0x20000788   Data          28  usbd_conf.o(.bss)
    STACK                                    0x20000a90   Section     1024  startup_stm32f103xb.o(STACK)

    Global Symbols

    Symbol Name                              Value     Ov Type        Size  Object(Section)

    BuildAttributes$$THM_ISAv4$P$D$K$B$S$PE$A:L22UL41UL21$X:L11$S22US41US21$IEEE1$IW$USESV6$~STKCKD$USESV7$~SHL$OSPACE$EBA8$MICROLIB$REQ8$PRES8$EABIv2 0x00000000   Number         0  anon$$obj.o ABSOLUTE
    __ARM_use_no_argv                        0x00000000   Number         0  main.o ABSOLUTE
    __cpp_initialize__aeabi_                  - Undefined Weak Reference
    __cxa_finalize                            - Undefined Weak Reference
    _clock_init                               - Undefined Weak Reference
    _microlib_exit                            - Undefined Weak Reference
    __Vectors_Size                           0x000000ec   Number         0  startup_stm32f103xb.o ABSOLUTE
    __Vectors                                0x08000000   Data           4  startup_stm32f103xb.o(RESET)
    __Vectors_End                            0x080000ec   Data           0  startup_stm32f103xb.o(RESET)
    __main                                   0x080000ed   Thumb Code     0  entry.o(.ARM.Collect$$$$00000000)
    _main_stk                                0x080000ed   Thumb Code     0  entry2.o(.ARM.Collect$$$$00000001)
    _main_scatterload                        0x080000f1   Thumb Code     0  entry5.o(.ARM.Collect$$$$00000004)
    __main_after_scatterload                 0x080000f5   Thumb Code     0  entry5.o(.ARM.Collect$$$$00000004)
    _main_clock                              0x080000f5   Thumb Code     0  entry7b.o(.ARM.Collect$$$$00000008)
    _main_cpp_init                           0x080000f5   Thumb Code     0  entry8b.o(.ARM.Collect$$$$0000000A)
    _main_init                               0x080000f5   Thumb Code     0  entry9a.o(.ARM.Collect$$$$0000000B)
    __rt_final_cpp                           0x080000fd   Thumb Code     0  entry10a.o(.ARM.Collect$$$$0000000D)
    __rt_final_exit                          0x080000fd   Thumb Code     0  entry11a.o(.ARM.Collect$$$$0000000F)
    Reset_Handler                            0x08000101   Thumb Code     8  startup_stm32f103xb.o(.text)
    ADC1_2_IRQHandler                        0x0800011b   Thumb Code     0  startup_stm32f103xb.o(.text)
    CAN1_RX1_IRQHandler                      0x0800011b   Thumb Code     0  startup_stm32f103xb.o(.text)
    CAN1_SCE_IRQHandler                      0x0800011b   Thumb Code     0  startup_stm32f103xb.o(.text)
    DMA1_Channel1_IRQHandler                 0x0800011b   Thumb Code     0  startup_stm32f103xb.o(.text)
    DMA1_Channel2_IRQHandler                 0x0800011b   Thumb Code     0  startup_stm32f103xb.o(.text)
    DMA1_Channel3_IRQHandler                 0x0800011b   Thumb Code     0  startup_stm32f103xb.o(.text)
    DMA1_Channel4_IRQHandler                 0x0800011b   Thumb Code     0  startup_stm32f103xb.o(.text)
    DMA1_Channel5_IRQHandler                 0x0800011b   Thumb Code     0  startup_stm32f103xb.o(.text)
    DMA1_Channel6_IRQHandler                 0x0800011b   Thumb Code     0  startup_stm32f103xb.o(.text)
    DMA1_Channel7_IRQHandler                 0x0800011b   Thumb Code     0  startup_stm32f103xb.o(.text)
    EXTI0_IRQHandler                         0x0800011b   Thumb Code     0  startup_stm32f103xb.o(.text)
    EXTI15_10_IRQHandler                     0x0800011b   Thumb Code     0  startup_stm32f103xb.o(.text)
    EXTI1_IRQHandler                         0x0800011b   Thumb Code     0  startup_stm32f103xb.o(.text)
    EXTI2_IRQHandler                         0x0800011b   Thumb Code     0  startup_stm32f103xb.o(.text)
    EXTI3_IRQHandler                         0x0800011b   Thumb Code     0  startup_stm32f103xb.o(.text)
    EXTI4_IRQHandler                         0x0800011b   Thumb Code     0  startup_stm32f103xb.o(.text)
    EXTI9_5_IRQHandler                       0x0800011b   Thumb Code     0  startup_stm32f103xb.o(.text)
    FLASH_IRQHandler                         0x0800011b   Thumb Code     0  startup_stm32f103xb.o(.text)
    I2C1_ER_IRQHandler                       0x0800011b   Thumb Code     0  startup_stm32f103xb.o(.text)
    I2C1_EV_IRQHandler                       0x0800011b   Thumb Code     0  startup_stm32f103xb.o(.text)
    I2C2_ER_IRQHandler                       0x0800011b   Thumb Code     0  startup_stm32f103xb.o(.text)
    I2C2_EV_IRQHandler                       0x0800011b   Thumb Code     0  startup_stm32f103xb.o(.text)
    PVD_IRQHandler                           0x0800011b   Thumb Code     0  startup_stm32f103xb.o(.text)
    RCC_IRQHandler                           0x0800011b   Thumb Code     0  startup_stm32f103xb.o(.text)
    RTC_Alarm_IRQHandler                     0x0800011b   Thumb Code     0  startup_stm32f103xb.o(.text)
    RTC_IRQHandler                           0x0800011b   Thumb Code     0  startup_stm32f103xb.o(.text)
    SPI1_IRQHandler                          0x0800011b   Thumb Code     0  startup_stm32f103xb.o(.text)
    SPI2_IRQHandler                          0x0800011b   Thumb Code     0  startup_stm32f103xb.o(.text)
    TAMPER_IRQHandler                        0x0800011b   Thumb Code     0  startup_stm32f103xb.o(.text)
    TIM1_BRK_IRQHandler                      0x0800011b   Thumb Code     0  startup_stm32f103xb.o(.text)
    TIM1_CC_IRQHandler                       0x0800011b   Thumb Code     0  startup_stm32f103xb.o(.text)
    TIM1_TRG_COM_IRQHandler                  0x0800011b   Thumb Code     0  startup_stm32f103xb.o(.text)
    TIM1_UP_IRQHandler                       0x0800011b   Thumb Code     0  startup_stm32f103xb.o(.text)
    TIM3_IRQHandler                          0x0800011b   Thumb Code     0  startup_stm32f103xb.o(.text)
    USART1_IRQHandler                        0x0800011b   Thumb Code     0  startup_stm32f103xb.o(.text)
    USART2_IRQHandler                        0x0800011b   Thumb Code     0  startup_stm32f103xb.o(.text)
    USART3_IRQHandler                        0x0800011b   Thumb Code     0  startup_stm32f103xb.o(.text)
    USBWakeUp_IRQHandler                     0x0800011b   Thumb Code     0  startup_stm32f103xb.o(.text)
    USB_HP_CAN1_TX_IRQHandler                0x0800011b   Thumb Code     0  startup_stm32f103xb.o(.text)
    WWDG_IRQHandler                          0x0800011b   Thumb Code     0  startup_stm32f103xb.o(.text)
    __aeabi_memcpy                           0x08000125   Thumb Code    36  memcpya.o(.text)
    __aeabi_memcpy4                          0x08000125   Thumb Code     0  memcpya.o(.text)
    __aeabi_memcpy8                          0x08000125   Thumb Code     0  memcpya.o(.text)
    __aeabi_memset                           0x08000149   Thumb Code    14  memseta.o(.text)
    __aeabi_memset4                          0x08000149   Thumb Code     0  memseta.o(.text)
    __aeabi_memset8                          0x08000149   Thumb Code     0  memseta.o(.text)
    __aeabi_memclr                           0x08000157   Thumb Code     4  memseta.o(.text)
    __aeabi_memclr4                          0x08000157   Thumb Code     0  memseta.o(.text)
    __aeabi_memclr8                          0x08000157   Thumb Code     0  memseta.o(.text)
    _memset$wrapper                          0x0800015b   Thumb Code    18  memseta.o(.text)
    __scatterload                            0x0800016d   Thumb Code    28  init.o(.text)
    __scatterload_rt2                        0x0800016d   Thumb Code     0  init.o(.text)
    __decompress                             0x08000191   Thumb Code     0  __dczerorl2.o(.text)
    __decompress1                            0x08000191   Thumb Code    86  __dczerorl2.o(.text)
    Antighosting_Check                       0x080001e9   Thumb Code   112  keyboard.o(i.Antighosting_Check)
    BusFault_Handler                         0x08000269   Thumb Code     2  stm32f1xx_it.o(i.BusFault_Handler)
    Clearing_Flags                           0x08000279   Thumb Code    70  keyboard.o(i.Clearing_Flags)
    Clone_Array                              0x080002c9   Thumb Code    14  keyboard.o(i.Clone_Array)
    DebugMon_Handler                         0x080002d7   Thumb Code     2  stm32f1xx_it.o(i.DebugMon_Handler)
    Error_Handler                            0x080002d9   Thumb Code     4  main.o(i.Error_Handler)
    Get_Mouse_Direction                      0x080002dd   Thumb Code    20  trackball.o(i.Get_Mouse_Direction)
    Get_Mouse_One_Axis_Direction             0x080002f5   Thumb Code    58  trackball.o(i.Get_Mouse_One_Axis_Direction)
    HAL_Delay                                0x08000339   Thumb Code    32  stm32f1xx_hal.o(i.HAL_Delay)
    HAL_GPIO_Init                            0x0800035d   Thumb Code   446  stm32f1xx_hal_gpio.o(i.HAL_GPIO_Init)
    HAL_GPIO_ReadPin                         0x0800053d   Thumb Code    10  stm32f1xx_hal_gpio.o(i.HAL_GPIO_ReadPin)
    HAL_GPIO_WritePin                        0x08000547   Thumb Code    10  stm32f1xx_hal_gpio.o(i.HAL_GPIO_WritePin)
    HAL_GetTick                              0x08000551   Thumb Code     6  stm32f1xx_hal.o(i.HAL_GetTick)
    HAL_IncTick                              0x0800055d   Thumb Code    12  stm32f1xx_hal.o(i.HAL_IncTick)
    HAL_Init                                 0x0800056d   Thumb Code    32  stm32f1xx_hal.o(i.HAL_Init)
    HAL_InitTick                             0x08000591   Thumb Code    54  stm32f1xx_hal.o(i.HAL_InitTick)
    HAL_MspInit                              0x080005d1   Thumb Code    52  stm32f1xx_hal_msp.o(i.HAL_MspInit)
    HAL_NVIC_EnableIRQ                       0x0800060d   Thumb Code    26  stm32f1xx_hal_cortex.o(i.HAL_NVIC_EnableIRQ)
    HAL_NVIC_SetPriority                     0x08000629   Thumb Code    60  stm32f1xx_hal_cortex.o(i.HAL_NVIC_SetPriority)
    HAL_NVIC_SetPriorityGrouping             0x08000669   Thumb Code    26  stm32f1xx_hal_cortex.o(i.HAL_NVIC_SetPriorityGrouping)
    HAL_PCDEx_PMAConfig                      0x0800068d   Thumb Code    60  stm32f1xx_hal_pcd_ex.o(i.HAL_PCDEx_PMAConfig)
    HAL_PCDEx_SetConnectionState             0x080006c9   Thumb Code     2  usbd_conf.o(i.HAL_PCDEx_SetConnectionState)
    HAL_PCD_DataInStageCallback              0x080006cb   Thumb Code    18  usbd_conf.o(i.HAL_PCD_DataInStageCallback)
    HAL_PCD_DataOutStageCallback             0x080006dd   Thumb Code    20  usbd_conf.o(i.HAL_PCD_DataOutStageCallback)
    HAL_PCD_EP_Close                         0x080006f1   Thumb Code    76  stm32f1xx_hal_pcd.o(i.HAL_PCD_EP_Close)
    HAL_PCD_EP_ClrStall                      0x0800073d   Thumb Code    92  stm32f1xx_hal_pcd.o(i.HAL_PCD_EP_ClrStall)
    HAL_PCD_EP_Open                          0x08000a9f   Thumb Code    96  stm32f1xx_hal_pcd.o(i.HAL_PCD_EP_Open)
    HAL_PCD_EP_Receive                       0x08000aff   Thumb Code    50  stm32f1xx_hal_pcd.o(i.HAL_PCD_EP_Receive)
    HAL_PCD_EP_SetStall                      0x08000b31   Thumb Code   114  stm32f1xx_hal_pcd.o(i.HAL_PCD_EP_SetStall)
    HAL_PCD_EP_Transmit                      0x08000ba3   Thumb Code    52  stm32f1xx_hal_pcd.o(i.HAL_PCD_EP_Transmit)
    HAL_PCD_IRQHandler                       0x08000bd7   Thumb Code   340  stm32f1xx_hal_pcd.o(i.HAL_PCD_IRQHandler)
    HAL_PCD_Init                             0x08000d2d   Thumb Code   218  stm32f1xx_hal_pcd.o(i.HAL_PCD_Init)
    HAL_PCD_MspInit                          0x08000e09   Thumb Code    50  usbd_conf.o(i.HAL_PCD_MspInit)
    HAL_PCD_ResetCallback                    0x08000e45   Thumb Code    38  usbd_conf.o(i.HAL_PCD_ResetCallback)
    HAL_PCD_ResumeCallback                   0x08000e6b   Thumb Code     8  usbd_conf.o(i.HAL_PCD_ResumeCallback)
    HAL_PCD_SOFCallback                      0x08000e73   Thumb Code     8  usbd_conf.o(i.HAL_PCD_SOFCallback)
    HAL_PCD_SetAddress                       0x08000e7b   Thumb Code    40  stm32f1xx_hal_pcd.o(i.HAL_PCD_SetAddress)
    HAL_PCD_SetupStageCallback               0x08000ea3   Thumb Code    14  usbd_conf.o(i.HAL_PCD_SetupStageCallback)
    HAL_PCD_Start                            0x08000eb1   Thumb Code    50  stm32f1xx_hal_pcd.o(i.HAL_PCD_Start)
    HAL_PCD_SuspendCallback                  0x08000ee5   Thumb Code    30  usbd_conf.o(i.HAL_PCD_SuspendCallback)
    HAL_RCCEx_PeriphCLKConfig                0x08000f09   Thumb Code   224  stm32f1xx_hal_rcc_ex.o(i.HAL_RCCEx_PeriphCLKConfig)
    HAL_RCC_ClockConfig                      0x08000ff5   Thumb Code   280  stm32f1xx_hal_rcc.o(i.HAL_RCC_ClockConfig)
    HAL_RCC_GetSysClockFreq                  0x08001121   Thumb Code    74  stm32f1xx_hal_rcc.o(i.HAL_RCC_GetSysClockFreq)
    HAL_RCC_OscConfig                        0x0800118d   Thumb Code   778  stm32f1xx_hal_rcc.o(i.HAL_RCC_OscConfig)
    HAL_SYSTICK_Config                       0x080014ad   Thumb Code    40  stm32f1xx_hal_cortex.o(i.HAL_SYSTICK_Config)
    HAL_TIMEx_BreakCallback                  0x080014d5   Thumb Code     2  stm32f1xx_hal_tim_ex.o(i.HAL_TIMEx_BreakCallback)
    HAL_TIMEx_CommutCallback                 0x080014d7   Thumb Code     2  stm32f1xx_hal_tim_ex.o(i.HAL_TIMEx_CommutCallback)
    HAL_TIMEx_MasterConfigSynchronization    0x080014d9   Thumb Code    92  stm32f1xx_hal_tim_ex.o(i.HAL_TIMEx_MasterConfigSynchronization)
    HAL_TIM_Encoder_Init                     0x08001541   Thumb Code   164  stm32f1xx_hal_tim.o(i.HAL_TIM_Encoder_Init)
    HAL_TIM_Encoder_MspInit                  0x080015e5   Thumb Code   154  stm32f1xx_hal_msp.o(i.HAL_TIM_Encoder_MspInit)
    HAL_TIM_Encoder_Start_IT                 0x08001691   Thumb Code   182  stm32f1xx_hal_tim.o(i.HAL_TIM_Encoder_Start_IT)
    HAL_TIM_IC_CaptureCallback               0x08001747   Thumb Code     2  stm32f1xx_hal_tim.o(i.HAL_TIM_IC_CaptureCallback)
    HAL_TIM_IRQHandler                       0x08001749   Thumb Code   358  stm32f1xx_hal_tim.o(i.HAL_TIM_IRQHandler)
    HAL_TIM_OC_DelayElapsedCallback          0x080018af   Thumb Code     2  stm32f1xx_hal_tim.o(i.HAL_TIM_OC_DelayElapsedCallback)
    HAL_TIM_PWM_PulseFinishedCallback        0x080018b1   Thumb Code     2  stm32f1xx_hal_tim.o(i.HAL_TIM_PWM_PulseFinishedCallback)
    HAL_TIM_PeriodElapsedCallback            0x080018b3   Thumb Code     2  stm32f1xx_hal_tim.o(i.HAL_TIM_PeriodElapsedCallback)
    HAL_TIM_TriggerCallback                  0x080018b5   Thumb Code     2  stm32f1xx_hal_tim.o(i.HAL_TIM_TriggerCallback)
    HardFault_Handler                        0x080018b7   Thumb Code     2  stm32f1xx_it.o(i.HardFault_Handler)
    Is_Array_NULL                            0x080018f1   Thumb Code    22  keyboard.o(i.Is_Array_NULL)
    Is_Modifier_Key_In_HID_Keyboard_Buffer   0x08001909   Thumb Code    26  keyboard.o(i.Is_Modifier_Key_In_HID_Keyboard_Buffer)
    Is_Modifier_Key_In_HID_Keyboard_Buffer_Old 0x0800192d   Thumb Code    22  keyboard.o(i.Is_Modifier_Key_In_HID_Keyboard_Buffer_Old)
    Is_Usual_Key_In_HID_Keyboard_Buffer      0x0800194d   Thumb Code    46  keyboard.o(i.Is_Usual_Key_In_HID_Keyboard_Buffer)
    Is_Usual_Key_In_HID_Keyboard_Buffer_Old  0x08001989   Thumb Code    46  keyboard.o(i.Is_Usual_Key_In_HID_Keyboard_Buffer_Old)
    Keyboard_Send_Data_Handle                0x080019c5   Thumb Code    94  keyboard.o(i.Keyboard_Send_Data_Handle)
    MX_USB_DEVICE_Init                       0x08001bd9   Thumb Code    66  usb_device.o(i.MX_USB_DEVICE_Init)
    MemManage_Handler                        0x08001c2d   Thumb Code     2  stm32f1xx_it.o(i.MemManage_Handler)
    NMI_Handler                              0x08001c2f   Thumb Code     2  stm32f1xx_it.o(i.NMI_Handler)
    PendSV_Handler                           0x08001f2d   Thumb Code     2  stm32f1xx_it.o(i.PendSV_Handler)
    Polling_New_Modifier_Buttons             0x08001f2f   Thumb Code    28  keyboard.o(i.Polling_New_Modifier_Buttons)
    Polling_New_Usual_Buttons                0x08001f4d   Thumb Code    36  keyboard.o(i.Polling_New_Usual_Buttons)
    Polling_Old_Modifier_Buttons             0x08001f75   Thumb Code    28  keyboard.o(i.Polling_Old_Modifier_Buttons)
    Polling_Old_Usual_Buttons                0x08001f91   Thumb Code    28  keyboard.o(i.Polling_Old_Usual_Buttons)
    SVC_Handler                              0x08001fad   Thumb Code     2  stm32f1xx_it.o(i.SVC_Handler)
    Send_Keyboard_USB_Data                   0x08001fb1   Thumb Code    22  keyboard.o(i.Send_Keyboard_USB_Data)
    Send_Mouse_USB_Data                      0x08001fd1   Thumb Code    10  trackball.o(i.Send_Mouse_USB_Data)
    Set_Click                                0x08001fe5   Thumb Code     6  trackball.o(i.Set_Click)
    SysTick_Handler                          0x08001ff1   Thumb Code     4  stm32f1xx_it.o(i.SysTick_Handler)
    SystemClock_Config                       0x08001ff5   Thumb Code   122  main.o(i.SystemClock_Config)
    SystemInit                               0x0800206f   Thumb Code     2  system_stm32f1xx.o(i.SystemInit)
    TIM2_IRQHandler                          0x08002071   Thumb Code     6  stm32f1xx_it.o(i.TIM2_IRQHandler)
    TIM4_IRQHandler                          0x0800207d   Thumb Code     6  stm32f1xx_it.o(i.TIM4_IRQHandler)
    TIM_Base_SetConfig                       0x08002089   Thumb Code    94  stm32f1xx_hal_tim.o(i.TIM_Base_SetConfig)
    TIM_CCxChannelCmd                        0x080020f5   Thumb Code    26  stm32f1xx_hal_tim.o(i.TIM_CCxChannelCmd)
    USBD_CUSTOM_HID_RegisterInterface        0x0800221b   Thumb Code    16  usbd_customhid.o(i.USBD_CUSTOM_HID_RegisterInterface)
    USBD_CUSTOM_HID_SendReport               0x0800222b   Thumb Code    40  usbd_customhid.o(i.USBD_CUSTOM_HID_SendReport)
    USBD_ClrClassConfig                      0x08002331   Thumb Code    14  usbd_core.o(i.USBD_ClrClassConfig)
    USBD_CtlContinueRx                       0x0800233f   Thumb Code    16  usbd_ioreq.o(i.USBD_CtlContinueRx)
    USBD_CtlContinueSendData                 0x0800234f   Thumb Code    16  usbd_ioreq.o(i.USBD_CtlContinueSendData)
    USBD_CtlError                            0x0800235f   Thumb Code    22  usbd_ctlreq.o(i.USBD_CtlError)
    USBD_CtlPrepareRx                        0x08002375   Thumb Code    30  usbd_ioreq.o(i.USBD_CtlPrepareRx)
    USBD_CtlReceiveStatus                    0x08002393   Thumb Code    22  usbd_ioreq.o(i.USBD_CtlReceiveStatus)
    USBD_CtlSendData                         0x080023a9   Thumb Code    26  usbd_ioreq.o(i.USBD_CtlSendData)
    USBD_CtlSendStatus                       0x080023c3   Thumb Code    22  usbd_ioreq.o(i.USBD_CtlSendStatus)
    USBD_FS_ConfigStrDescriptor              0x080023d9   Thumb Code    16  usbd_desc.o(i.USBD_FS_ConfigStrDescriptor)
    USBD_FS_DeviceDescriptor                 0x08002401   Thumb Code     8  usbd_desc.o(i.USBD_FS_DeviceDescriptor)
    USBD_FS_InterfaceStrDescriptor           0x0800240d   Thumb Code    16  usbd_desc.o(i.USBD_FS_InterfaceStrDescriptor)
    USBD_FS_LangIDStrDescriptor              0x08002439   Thumb Code     8  usbd_desc.o(i.USBD_FS_LangIDStrDescriptor)
    USBD_FS_ManufacturerStrDescriptor        0x08002445   Thumb Code    16  usbd_desc.o(i.USBD_FS_ManufacturerStrDescriptor)
    USBD_FS_ProductStrDescriptor             0x0800246d   Thumb Code    16  usbd_desc.o(i.USBD_FS_ProductStrDescriptor)
    USBD_FS_SerialStrDescriptor              0x080024a1   Thumb Code    48  usbd_desc.o(i.USBD_FS_SerialStrDescriptor)
    USBD_GetString                           0x080025c1   Thumb Code    72  usbd_ctlreq.o(i.USBD_GetString)
    USBD_Init                                0x08002621   Thumb Code    42  usbd_core.o(i.USBD_Init)
    USBD_LL_ClearStallEP                     0x0800264b   Thumb Code    18  usbd_conf.o(i.USBD_LL_ClearStallEP)
    USBD_LL_CloseEP                          0x0800265d   Thumb Code    18  usbd_conf.o(i.USBD_LL_CloseEP)
    USBD_LL_DataInStage                      0x0800266f   Thumb Code   198  usbd_core.o(i.USBD_LL_DataInStage)
    USBD_LL_DataOutStage                     0x08002735   Thumb Code   130  usbd_core.o(i.USBD_LL_DataOutStage)
    USBD_LL_Init                             0x080027b9   Thumb Code   104  usbd_conf.o(i.USBD_LL_Init)
    USBD_LL_IsStallEP                        0x08002829   Thumb Code    32  usbd_conf.o(i.USBD_LL_IsStallEP)
    USBD_LL_OpenEP                           0x08002849   Thumb Code    24  usbd_conf.o(i.USBD_LL_OpenEP)
    USBD_LL_PrepareReceive                   0x08002861   Thumb Code    18  usbd_conf.o(i.USBD_LL_PrepareReceive)
    USBD_LL_Reset                            0x08002873   Thumb Code    80  usbd_core.o(i.USBD_LL_Reset)
    USBD_LL_Resume                           0x080028c3   Thumb Code    20  usbd_core.o(i.USBD_LL_Resume)
    USBD_LL_SOF                              0x080028d7   Thumb Code    24  usbd_core.o(i.USBD_LL_SOF)
    USBD_LL_SetSpeed                         0x080028ef   Thumb Code     6  usbd_core.o(i.USBD_LL_SetSpeed)
    USBD_LL_SetUSBAddress                    0x080028f5   Thumb Code    18  usbd_conf.o(i.USBD_LL_SetUSBAddress)
    USBD_LL_SetupStage                       0x08002907   Thumb Code    90  usbd_core.o(i.USBD_LL_SetupStage)
    USBD_LL_StallEP                          0x08002961   Thumb Code    18  usbd_conf.o(i.USBD_LL_StallEP)
    USBD_LL_Start                            0x08002973   Thumb Code    18  usbd_conf.o(i.USBD_LL_Start)
    USBD_LL_Suspend                          0x08002985   Thumb Code    18  usbd_core.o(i.USBD_LL_Suspend)
    USBD_LL_Transmit                         0x08002997   Thumb Code    18  usbd_conf.o(i.USBD_LL_Transmit)
    USBD_ParseSetupRequest                   0x080029a9   Thumb Code    40  usbd_ctlreq.o(i.USBD_ParseSetupRequest)
    USBD_RegisterClass                       0x080029d1   Thumb Code    16  usbd_core.o(i.USBD_RegisterClass)
    USBD_SetClassConfig                      0x080029e1   Thumb Code    22  usbd_core.o(i.USBD_SetClassConfig)
    USBD_Start                               0x08002a7d   Thumb Code    10  usbd_core.o(i.USBD_Start)
    USBD_StdDevReq                           0x08002a87   Thumb Code   274  usbd_ctlreq.o(i.USBD_StdDevReq)
    USBD_StdEPReq                            0x08002b99   Thumb Code   336  usbd_ctlreq.o(i.USBD_StdEPReq)
    USBD_StdItfReq                           0x08002ce9   Thumb Code    78  usbd_ctlreq.o(i.USBD_StdItfReq)
    USBD_static_free                         0x08002d37   Thumb Code     2  usbd_conf.o(i.USBD_static_free)
    USBD_static_malloc                       0x08002d39   Thumb Code     4  usbd_conf.o(i.USBD_static_malloc)
    USB_ActivateEndpoint                     0x08002d41   Thumb Code   600  stm32f1xx_ll_usb.o(i.USB_ActivateEndpoint)
    USB_CoreInit                             0x08002f99   Thumb Code     4  stm32f1xx_ll_usb.o(i.USB_CoreInit)
    USB_Data_Modifier_Keys_Update            0x08002f9d   Thumb Code    22  keyboard.o(i.USB_Data_Modifier_Keys_Update)
    USB_Data_Usual_Keys_Update               0x08002fbd   Thumb Code    42  keyboard.o(i.USB_Data_Usual_Keys_Update)
    USB_DeactivateEndpoint                   0x08002ff5   Thumb Code   270  stm32f1xx_ll_usb.o(i.USB_DeactivateEndpoint)
    USB_DevConnect                           0x08003103   Thumb Code     4  stm32f1xx_ll_usb.o(i.USB_DevConnect)
    USB_DevDisconnect                        0x08003107   Thumb Code     4  stm32f1xx_ll_usb.o(i.USB_DevDisconnect)
    USB_DevInit                              0x0800310b   Thumb Code    18  stm32f1xx_ll_usb.o(i.USB_DevInit)
    USB_DisableGlobalInt                     0x0800311d   Thumb Code    14  stm32f1xx_ll_usb.o(i.USB_DisableGlobalInt)
    USB_EP0_OutStart                         0x0800312b   Thumb Code     4  stm32f1xx_ll_usb.o(i.USB_EP0_OutStart)
    USB_EPClearStall                         0x0800312f   Thumb Code   120  stm32f1xx_ll_usb.o(i.USB_EPClearStall)
    USB_EPSetStall                           0x080031a7   Thumb Code    50  stm32f1xx_ll_usb.o(i.USB_EPSetStall)
    USB_EPStartXfer                          0x080031d9   Thumb Code  1230  stm32f1xx_ll_usb.o(i.USB_EPStartXfer)
    USB_EnableGlobalInt                      0x080036a7   Thumb Code    18  stm32f1xx_ll_usb.o(i.USB_EnableGlobalInt)
    USB_LP_CAN1_RX0_IRQHandler               0x080036b9   Thumb Code     6  stm32f1xx_it.o(i.USB_LP_CAN1_RX0_IRQHandler)
    USB_ReadInterrupts                       0x080036c5   Thumb Code     6  stm32f1xx_ll_usb.o(i.USB_ReadInterrupts)
    USB_ReadPMA                              0x080036cd   Thumb Code    44  stm32f1xx_ll_usb.o(i.USB_ReadPMA)
    USB_SetCurrentMode                       0x080036f9   Thumb Code     4  stm32f1xx_ll_usb.o(i.USB_SetCurrentMode)
    USB_SetDevAddress                        0x080036fd   Thumb Code    12  stm32f1xx_ll_usb.o(i.USB_SetDevAddress)
    USB_WritePMA                             0x08003709   Thumb Code    38  stm32f1xx_ll_usb.o(i.USB_WritePMA)
    Update_Counters                          0x08003731   Thumb Code    40  keyboard.o(i.Update_Counters)
    UsageFault_Handler                       0x08003769   Thumb Code     2  stm32f1xx_it.o(i.UsageFault_Handler)
    __scatterload_copy                       0x0800378b   Thumb Code    14  handlers.o(i.__scatterload_copy)
    __scatterload_null                       0x08003799   Thumb Code     2  handlers.o(i.__scatterload_null)
    __scatterload_zeroinit                   0x0800379b   Thumb Code    14  handlers.o(i.__scatterload_zeroinit)
    main                                     0x080037a9   Thumb Code   960  main.o(i.main)
    AHBPrescTable                            0x08003b7c   Data          16  system_stm32f1xx.o(.constdata)
    Region$$Table$$Base                      0x08003b8c   Number         0  anon$$obj.o(Region$$Table)
    Region$$Table$$Limit                     0x08003bac   Number         0  anon$$obj.o(Region$$Table)
    Encoder_X                                0x20000008   Data           8  trackball.o(.data)
    Encoder_Y                                0x20000010   Data           8  trackball.o(.data)
    Col_Number                               0x20000066   Data           1  main.o(.data)
    Row_Number                               0x20000067   Data           1  main.o(.data)
    FS_Desc                                  0x20000068   Data          28  usbd_desc.o(.data)
    USBD_LangIDDesc                          0x20000084   Data           4  usbd_desc.o(.data)
    USBD_FS_DeviceDesc                       0x20000088   Data          18  usbd_desc.o(.data)
    USBD_StringSerial                        0x2000009c   Data          26  usbd_desc.o(.data)
    USBD_CustomHID_fops_FS                   0x20000120   Data          16  usbd_custom_hid_if.o(.data)
    uwTickFreq                               0x20000130   Data           1  stm32f1xx_hal.o(.data)
    uwTickPrio                               0x20000134   Data           4  stm32f1xx_hal.o(.data)
    uwTick                                   0x20000138   Data           4  stm32f1xx_hal.o(.data)
    SystemCoreClock                          0x2000013c   Data           4  system_stm32f1xx.o(.data)
    USBD_CUSTOM_HID                          0x20000144   Data          56  usbd_customhid.o(.data)
    htim2                                    0x20000234   Data          72  main.o(.bss)
    htim4                                    0x2000027c   Data          72  main.o(.bss)
    hUsbDeviceFS                             0x200002c4   Data         708  usb_device.o(.bss)
    USBD_StrDesc                             0x20000588   Data         512  usbd_desc.o(.bss)
    hpcd_USB_FS                              0x200007a4   Data         748  usbd_conf.o(.bss)
    __initial_sp                             0x20000e90   Data           0  startup_stm32f103xb.o(STACK)



==============================================================================

Memory Map of the image

  Image Entry point : 0x080000ed

  Load Region LR_IROM1 (Base: 0x08000000, Size: 0x00003dc4, Max: 0x00020000, ABSOLUTE, COMPRESSED[0x00003ce0])

    Execution Region ER_IROM1 (Exec base: 0x08000000, Load base: 0x08000000, Size: 0x00003bac, Max: 0x00020000, ABSOLUTE)

    Exec Addr    Load Addr    Size         Type   Attr      Idx    E Section Name        Object

    0x08000000   0x08000000   0x000000ec   Data   RO            3    RESET               startup_stm32f103xb.o
    0x080000ec   0x080000ec   0x00000000   Code   RO         3709  * .ARM.Collect$$$$00000000  mc_w.l(entry.o)
    0x080000ec   0x080000ec   0x00000004   Code   RO         3720    .ARM.Collect$$$$00000001  mc_w.l(entry2.o)
    0x080000f0   0x080000f0   0x00000004   Code   RO         3723    .ARM.Collect$$$$00000004  mc_w.l(entry5.o)
    0x080000f4   0x080000f4   0x00000000   Code   RO         3725    .ARM.Collect$$$$00000008  mc_w.l(entry7b.o)
    0x080000f4   0x080000f4   0x00000000   Code   RO         3727    .ARM.Collect$$$$0000000A  mc_w.l(entry8b.o)
    0x080000f4   0x080000f4   0x00000008   Code   RO         3728    .ARM.Collect$$$$0000000B  mc_w.l(entry9a.o)
    0x080000fc   0x080000fc   0x00000000   Code   RO         3730    .ARM.Collect$$$$0000000D  mc_w.l(entry10a.o)
    0x080000fc   0x080000fc   0x00000000   Code   RO         3732    .ARM.Collect$$$$0000000F  mc_w.l(entry11a.o)
    0x080000fc   0x080000fc   0x00000004   Code   RO         3721    .ARM.Collect$$$$00002712  mc_w.l(entry2.o)
    0x08000100   0x08000100   0x00000024   Code   RO            4    .text               startup_stm32f103xb.o
    0x08000124   0x08000124   0x00000024   Code   RO         3714    .text               mc_w.l(memcpya.o)
    0x08000148   0x08000148   0x00000024   Code   RO         3716    .text               mc_w.l(memseta.o)
    0x0800016c   0x0800016c   0x00000024   Code   RO         3734    .text               mc_w.l(init.o)
    0x08000190   0x08000190   0x00000056   Code   RO         3744    .text               mc_w.l(__dczerorl2.o)
    0x080001e6   0x080001e6   0x00000002   PAD
    0x080001e8   0x080001e8   0x00000080   Code   RO          176    i.Antighosting_Check  keyboard.o
    0x08000268   0x08000268   0x00000002   Code   RO          370    i.BusFault_Handler  stm32f1xx_it.o
    0x0800026a   0x0800026a   0x00000004   Code   RO          634    i.CUSTOM_HID_DeInit_FS  usbd_custom_hid_if.o
    0x0800026e   0x0800026e   0x00000004   Code   RO          635    i.CUSTOM_HID_Init_FS  usbd_custom_hid_if.o
    0x08000272   0x08000272   0x00000004   Code   RO          636    i.CUSTOM_HID_OutEvent_FS  usbd_custom_hid_if.o
    0x08000276   0x08000276   0x00000002   PAD
    0x08000278   0x08000278   0x00000050   Code   RO          178    i.Clearing_Flags    keyboard.o
    0x080002c8   0x080002c8   0x0000000e   Code   RO          179    i.Clone_Array       keyboard.o
    0x080002d6   0x080002d6   0x00000002   Code   RO          371    i.DebugMon_Handler  stm32f1xx_it.o
    0x080002d8   0x080002d8   0x00000004   Code   RO          305    i.Error_Handler     main.o
    0x080002dc   0x080002dc   0x00000018   Code   RO           13    i.Get_Mouse_Direction  trackball.o
    0x080002f4   0x080002f4   0x00000044   Code   RO           14    i.Get_Mouse_One_Axis_Direction  trackball.o
    0x08000338   0x08000338   0x00000024   Code   RO         1383    i.HAL_Delay         stm32f1xx_hal.o
    0x0800035c   0x0800035c   0x000001e0   Code   RO         1691    i.HAL_GPIO_Init     stm32f1xx_hal_gpio.o
    0x0800053c   0x0800053c   0x0000000a   Code   RO         1693    i.HAL_GPIO_ReadPin  stm32f1xx_hal_gpio.o
    0x08000546   0x08000546   0x0000000a   Code   RO         1695    i.HAL_GPIO_WritePin  stm32f1xx_hal_gpio.o
    0x08000550   0x08000550   0x0000000c   Code   RO         1387    i.HAL_GetTick       stm32f1xx_hal.o
    0x0800055c   0x0800055c   0x00000010   Code   RO         1393    i.HAL_IncTick       stm32f1xx_hal.o
    0x0800056c   0x0800056c   0x00000024   Code   RO         1394    i.HAL_Init          stm32f1xx_hal.o
    0x08000590   0x08000590   0x00000040   Code   RO         1395    i.HAL_InitTick      stm32f1xx_hal.o
    0x080005d0   0x080005d0   0x0000003c   Code   RO          464    i.HAL_MspInit       stm32f1xx_hal_msp.o
    0x0800060c   0x0800060c   0x0000001a   Code   RO         1851    i.HAL_NVIC_EnableIRQ  stm32f1xx_hal_cortex.o
    0x08000626   0x08000626   0x00000002   PAD
    0x08000628   0x08000628   0x00000040   Code   RO         1857    i.HAL_NVIC_SetPriority  stm32f1xx_hal_cortex.o
    0x08000668   0x08000668   0x00000024   Code   RO         1858    i.HAL_NVIC_SetPriorityGrouping  stm32f1xx_hal_cortex.o
    0x0800068c   0x0800068c   0x0000003c   Code   RO         1156    i.HAL_PCDEx_PMAConfig  stm32f1xx_hal_pcd_ex.o
    0x080006c8   0x080006c8   0x00000002   Code   RO          675    i.HAL_PCDEx_SetConnectionState  usbd_conf.o
    0x080006ca   0x080006ca   0x00000012   Code   RO          677    i.HAL_PCD_DataInStageCallback  usbd_conf.o
    0x080006dc   0x080006dc   0x00000014   Code   RO          678    i.HAL_PCD_DataOutStageCallback  usbd_conf.o
    0x080006f0   0x080006f0   0x0000004c   Code   RO          932    i.HAL_PCD_EP_Close  stm32f1xx_hal_pcd.o
    0x0800073c   0x0800073c   0x0000005c   Code   RO          933    i.HAL_PCD_EP_ClrStall  stm32f1xx_hal_pcd.o
    0x08000798   0x08000798   0x000000e6   Code   RO          934    i.HAL_PCD_EP_DB_Receive  stm32f1xx_hal_pcd.o
    0x0800087e   0x0800087e   0x00000220   Code   RO          935    i.HAL_PCD_EP_DB_Transmit  stm32f1xx_hal_pcd.o
    0x08000a9e   0x08000a9e   0x00000060   Code   RO          938    i.HAL_PCD_EP_Open   stm32f1xx_hal_pcd.o
    0x08000afe   0x08000afe   0x00000032   Code   RO          939    i.HAL_PCD_EP_Receive  stm32f1xx_hal_pcd.o
    0x08000b30   0x08000b30   0x00000072   Code   RO          940    i.HAL_PCD_EP_SetStall  stm32f1xx_hal_pcd.o
    0x08000ba2   0x08000ba2   0x00000034   Code   RO          941    i.HAL_PCD_EP_Transmit  stm32f1xx_hal_pcd.o
    0x08000bd6   0x08000bd6   0x00000154   Code   RO          943    i.HAL_PCD_IRQHandler  stm32f1xx_hal_pcd.o
    0x08000d2a   0x08000d2a   0x00000002   PAD
    0x08000d2c   0x08000d2c   0x000000da   Code   RO          946    i.HAL_PCD_Init      stm32f1xx_hal_pcd.o
    0x08000e06   0x08000e06   0x00000002   PAD
    0x08000e08   0x08000e08   0x0000003c   Code   RO          683    i.HAL_PCD_MspInit   usbd_conf.o
    0x08000e44   0x08000e44   0x00000026   Code   RO          684    i.HAL_PCD_ResetCallback  usbd_conf.o
    0x08000e6a   0x08000e6a   0x00000008   Code   RO          685    i.HAL_PCD_ResumeCallback  usbd_conf.o
    0x08000e72   0x08000e72   0x00000008   Code   RO          686    i.HAL_PCD_SOFCallback  usbd_conf.o
    0x08000e7a   0x08000e7a   0x00000028   Code   RO          952    i.HAL_PCD_SetAddress  stm32f1xx_hal_pcd.o
    0x08000ea2   0x08000ea2   0x0000000e   Code   RO          687    i.HAL_PCD_SetupStageCallback  usbd_conf.o
    0x08000eb0   0x08000eb0   0x00000032   Code   RO          954    i.HAL_PCD_Start     stm32f1xx_hal_pcd.o
    0x08000ee2   0x08000ee2   0x00000002   PAD
    0x08000ee4   0x08000ee4   0x00000024   Code   RO          688    i.HAL_PCD_SuspendCallback  usbd_conf.o
    0x08000f08   0x08000f08   0x000000ec   Code   RO         1654    i.HAL_RCCEx_PeriphCLKConfig  stm32f1xx_hal_rcc_ex.o
    0x08000ff4   0x08000ff4   0x0000012c   Code   RO         1551    i.HAL_RCC_ClockConfig  stm32f1xx_hal_rcc.o
    0x08001120   0x08001120   0x0000006c   Code   RO         1560    i.HAL_RCC_GetSysClockFreq  stm32f1xx_hal_rcc.o
    0x0800118c   0x0800118c   0x00000320   Code   RO         1563    i.HAL_RCC_OscConfig  stm32f1xx_hal_rcc.o
    0x080014ac   0x080014ac   0x00000028   Code   RO         1862    i.HAL_SYSTICK_Config  stm32f1xx_hal_cortex.o
    0x080014d4   0x080014d4   0x00000002   Code   RO         3057    i.HAL_TIMEx_BreakCallback  stm32f1xx_hal_tim_ex.o
    0x080014d6   0x080014d6   0x00000002   Code   RO         3058    i.HAL_TIMEx_CommutCallback  stm32f1xx_hal_tim_ex.o
    0x080014d8   0x080014d8   0x00000068   Code   RO         3076    i.HAL_TIMEx_MasterConfigSynchronization  stm32f1xx_hal_tim_ex.o
    0x08001540   0x08001540   0x000000a4   Code   RO         2374    i.HAL_TIM_Encoder_Init  stm32f1xx_hal_tim.o
    0x080015e4   0x080015e4   0x000000ac   Code   RO          466    i.HAL_TIM_Encoder_MspInit  stm32f1xx_hal_msp.o
    0x08001690   0x08001690   0x000000b6   Code   RO         2379    i.HAL_TIM_Encoder_Start_IT  stm32f1xx_hal_tim.o
    0x08001746   0x08001746   0x00000002   Code   RO         2387    i.HAL_TIM_IC_CaptureCallback  stm32f1xx_hal_tim.o
    0x08001748   0x08001748   0x00000166   Code   RO         2401    i.HAL_TIM_IRQHandler  stm32f1xx_hal_tim.o
    0x080018ae   0x080018ae   0x00000002   Code   RO         2404    i.HAL_TIM_OC_DelayElapsedCallback  stm32f1xx_hal_tim.o
    0x080018b0   0x080018b0   0x00000002   Code   RO         2431    i.HAL_TIM_PWM_PulseFinishedCallback  stm32f1xx_hal_tim.o
    0x080018b2   0x080018b2   0x00000002   Code   RO         2439    i.HAL_TIM_PeriodElapsedCallback  stm32f1xx_hal_tim.o
    0x080018b4   0x080018b4   0x00000002   Code   RO         2444    i.HAL_TIM_TriggerCallback  stm32f1xx_hal_tim.o
    0x080018b6   0x080018b6   0x00000002   Code   RO          372    i.HardFault_Handler  stm32f1xx_it.o
    0x080018b8   0x080018b8   0x00000038   Code   RO          548    i.IntToUnicode      usbd_desc.o
    0x080018f0   0x080018f0   0x00000016   Code   RO          180    i.Is_Array_NULL     keyboard.o
    0x08001906   0x08001906   0x00000002   PAD
    0x08001908   0x08001908   0x00000024   Code   RO          181    i.Is_Modifier_Key_In_HID_Keyboard_Buffer  keyboard.o
    0x0800192c   0x0800192c   0x00000020   Code   RO          182    i.Is_Modifier_Key_In_HID_Keyboard_Buffer_Old  keyboard.o
    0x0800194c   0x0800194c   0x0000003c   Code   RO          183    i.Is_Usual_Key_In_HID_Keyboard_Buffer  keyboard.o
    0x08001988   0x08001988   0x0000003c   Code   RO          184    i.Is_Usual_Key_In_HID_Keyboard_Buffer_Old  keyboard.o
    0x080019c4   0x080019c4   0x00000068   Code   RO          185    i.Keyboard_Send_Data_Handle  keyboard.o
    0x08001a2c   0x08001a2c   0x000000dc   Code   RO          306    i.MX_GPIO_Init      main.o
    0x08001b08   0x08001b08   0x00000068   Code   RO          307    i.MX_TIM2_Init      main.o
    0x08001b70   0x08001b70   0x00000068   Code   RO          308    i.MX_TIM4_Init      main.o
    0x08001bd8   0x08001bd8   0x00000054   Code   RO          500    i.MX_USB_DEVICE_Init  usb_device.o
    0x08001c2c   0x08001c2c   0x00000002   Code   RO          373    i.MemManage_Handler  stm32f1xx_it.o
    0x08001c2e   0x08001c2e   0x00000002   Code   RO          374    i.NMI_Handler       stm32f1xx_it.o
    0x08001c30   0x08001c30   0x000002fc   Code   RO          958    i.PCD_EP_ISR_Handler  stm32f1xx_hal_pcd.o
    0x08001f2c   0x08001f2c   0x00000002   Code   RO          375    i.PendSV_Handler    stm32f1xx_it.o
    0x08001f2e   0x08001f2e   0x0000001c   Code   RO          186    i.Polling_New_Modifier_Buttons  keyboard.o
    0x08001f4a   0x08001f4a   0x00000002   PAD
    0x08001f4c   0x08001f4c   0x00000028   Code   RO          187    i.Polling_New_Usual_Buttons  keyboard.o
    0x08001f74   0x08001f74   0x0000001c   Code   RO          188    i.Polling_Old_Modifier_Buttons  keyboard.o
    0x08001f90   0x08001f90   0x0000001c   Code   RO          189    i.Polling_Old_Usual_Buttons  keyboard.o
    0x08001fac   0x08001fac   0x00000002   Code   RO          376    i.SVC_Handler       stm32f1xx_it.o
    0x08001fae   0x08001fae   0x00000002   PAD
    0x08001fb0   0x08001fb0   0x00000020   Code   RO          190    i.Send_Keyboard_USB_Data  keyboard.o
    0x08001fd0   0x08001fd0   0x00000014   Code   RO           15    i.Send_Mouse_USB_Data  trackball.o
    0x08001fe4   0x08001fe4   0x0000000c   Code   RO           16    i.Set_Click         trackball.o
    0x08001ff0   0x08001ff0   0x00000004   Code   RO          377    i.SysTick_Handler   stm32f1xx_it.o
    0x08001ff4   0x08001ff4   0x0000007a   Code   RO          309    i.SystemClock_Config  main.o
    0x0800206e   0x0800206e   0x00000002   Code   RO         3325    i.SystemInit        system_stm32f1xx.o
    0x08002070   0x08002070   0x0000000c   Code   RO          378    i.TIM2_IRQHandler   stm32f1xx_it.o
    0x0800207c   0x0800207c   0x0000000c   Code   RO          379    i.TIM4_IRQHandler   stm32f1xx_it.o
    0x08002088   0x08002088   0x0000006c   Code   RO         2446    i.TIM_Base_SetConfig  stm32f1xx_hal_tim.o
    0x080020f4   0x080020f4   0x0000001a   Code   RO         2447    i.TIM_CCxChannelCmd  stm32f1xx_hal_tim.o
    0x0800210e   0x0800210e   0x0000000c   Code   RO         3625    i.USBD_CUSTOM_HID_DataIn  usbd_customhid.o
    0x0800211a   0x0800211a   0x00000024   Code   RO         3626    i.USBD_CUSTOM_HID_DataOut  usbd_customhid.o
    0x0800213e   0x0800213e   0x00000038   Code   RO         3627    i.USBD_CUSTOM_HID_DeInit  usbd_customhid.o
    0x08002176   0x08002176   0x00000022   Code   RO         3628    i.USBD_CUSTOM_HID_EP0_RxReady  usbd_customhid.o
    0x08002198   0x08002198   0x0000000c   Code   RO         3629    i.USBD_CUSTOM_HID_GetDeviceQualifierDesc  usbd_customhid.o
    0x080021a4   0x080021a4   0x0000000c   Code   RO         3630    i.USBD_CUSTOM_HID_GetFSCfgDesc  usbd_customhid.o
    0x080021b0   0x080021b0   0x0000000c   Code   RO         3631    i.USBD_CUSTOM_HID_GetHSCfgDesc  usbd_customhid.o
    0x080021bc   0x080021bc   0x0000000c   Code   RO         3632    i.USBD_CUSTOM_HID_GetOtherSpeedCfgDesc  usbd_customhid.o
    0x080021c8   0x080021c8   0x00000052   Code   RO         3633    i.USBD_CUSTOM_HID_Init  usbd_customhid.o
    0x0800221a   0x0800221a   0x00000010   Code   RO         3634    i.USBD_CUSTOM_HID_RegisterInterface  usbd_customhid.o
    0x0800222a   0x0800222a   0x00000028   Code   RO         3635    i.USBD_CUSTOM_HID_SendReport  usbd_customhid.o
    0x08002252   0x08002252   0x00000002   PAD
    0x08002254   0x08002254   0x000000dc   Code   RO         3636    i.USBD_CUSTOM_HID_Setup  usbd_customhid.o
    0x08002330   0x08002330   0x0000000e   Code   RO         3362    i.USBD_ClrClassConfig  usbd_core.o
    0x0800233e   0x0800233e   0x00000010   Code   RO         3565    i.USBD_CtlContinueRx  usbd_ioreq.o
    0x0800234e   0x0800234e   0x00000010   Code   RO         3566    i.USBD_CtlContinueSendData  usbd_ioreq.o
    0x0800235e   0x0800235e   0x00000016   Code   RO         3500    i.USBD_CtlError     usbd_ctlreq.o
    0x08002374   0x08002374   0x0000001e   Code   RO         3567    i.USBD_CtlPrepareRx  usbd_ioreq.o
    0x08002392   0x08002392   0x00000016   Code   RO         3568    i.USBD_CtlReceiveStatus  usbd_ioreq.o
    0x080023a8   0x080023a8   0x0000001a   Code   RO         3569    i.USBD_CtlSendData  usbd_ioreq.o
    0x080023c2   0x080023c2   0x00000016   Code   RO         3570    i.USBD_CtlSendStatus  usbd_ioreq.o
    0x080023d8   0x080023d8   0x00000028   Code   RO          549    i.USBD_FS_ConfigStrDescriptor  usbd_desc.o
    0x08002400   0x08002400   0x0000000c   Code   RO          550    i.USBD_FS_DeviceDescriptor  usbd_desc.o
    0x0800240c   0x0800240c   0x0000002c   Code   RO          551    i.USBD_FS_InterfaceStrDescriptor  usbd_desc.o
    0x08002438   0x08002438   0x0000000c   Code   RO          552    i.USBD_FS_LangIDStrDescriptor  usbd_desc.o
    0x08002444   0x08002444   0x00000028   Code   RO          553    i.USBD_FS_ManufacturerStrDescriptor  usbd_desc.o
    0x0800246c   0x0800246c   0x00000034   Code   RO          554    i.USBD_FS_ProductStrDescriptor  usbd_desc.o
    0x080024a0   0x080024a0   0x00000038   Code   RO          555    i.USBD_FS_SerialStrDescriptor  usbd_desc.o
    0x080024d8   0x080024d8   0x000000e8   Code   RO         3501    i.USBD_GetDescriptor  usbd_ctlreq.o
    0x080025c0   0x080025c0   0x00000048   Code   RO         3502    i.USBD_GetString    usbd_ctlreq.o
    0x08002608   0x08002608   0x00000018   Code   RO          689    i.USBD_Get_USB_Status  usbd_conf.o
    0x08002620   0x08002620   0x0000002a   Code   RO         3364    i.USBD_Init         usbd_core.o
    0x0800264a   0x0800264a   0x00000012   Code   RO          690    i.USBD_LL_ClearStallEP  usbd_conf.o
    0x0800265c   0x0800265c   0x00000012   Code   RO          691    i.USBD_LL_CloseEP   usbd_conf.o
    0x0800266e   0x0800266e   0x000000c6   Code   RO         3365    i.USBD_LL_DataInStage  usbd_core.o
    0x08002734   0x08002734   0x00000082   Code   RO         3366    i.USBD_LL_DataOutStage  usbd_core.o
    0x080027b6   0x080027b6   0x00000002   PAD
    0x080027b8   0x080027b8   0x00000070   Code   RO          696    i.USBD_LL_Init      usbd_conf.o
    0x08002828   0x08002828   0x00000020   Code   RO          697    i.USBD_LL_IsStallEP  usbd_conf.o
    0x08002848   0x08002848   0x00000018   Code   RO          698    i.USBD_LL_OpenEP    usbd_conf.o
    0x08002860   0x08002860   0x00000012   Code   RO          699    i.USBD_LL_PrepareReceive  usbd_conf.o
    0x08002872   0x08002872   0x00000050   Code   RO         3371    i.USBD_LL_Reset     usbd_core.o
    0x080028c2   0x080028c2   0x00000014   Code   RO         3372    i.USBD_LL_Resume    usbd_core.o
    0x080028d6   0x080028d6   0x00000018   Code   RO         3373    i.USBD_LL_SOF       usbd_core.o
    0x080028ee   0x080028ee   0x00000006   Code   RO         3374    i.USBD_LL_SetSpeed  usbd_core.o
    0x080028f4   0x080028f4   0x00000012   Code   RO          700    i.USBD_LL_SetUSBAddress  usbd_conf.o
    0x08002906   0x08002906   0x0000005a   Code   RO         3375    i.USBD_LL_SetupStage  usbd_core.o
    0x08002960   0x08002960   0x00000012   Code   RO          701    i.USBD_LL_StallEP   usbd_conf.o
    0x08002972   0x08002972   0x00000012   Code   RO          702    i.USBD_LL_Start     usbd_conf.o
    0x08002984   0x08002984   0x00000012   Code   RO         3376    i.USBD_LL_Suspend   usbd_core.o
    0x08002996   0x08002996   0x00000012   Code   RO          704    i.USBD_LL_Transmit  usbd_conf.o
    0x080029a8   0x080029a8   0x00000028   Code   RO         3503    i.USBD_ParseSetupRequest  usbd_ctlreq.o
    0x080029d0   0x080029d0   0x00000010   Code   RO         3377    i.USBD_RegisterClass  usbd_core.o
    0x080029e0   0x080029e0   0x00000016   Code   RO         3379    i.USBD_SetClassConfig  usbd_core.o
    0x080029f6   0x080029f6   0x00000002   PAD
    0x080029f8   0x080029f8   0x00000084   Code   RO         3504    i.USBD_SetConfig    usbd_ctlreq.o
    0x08002a7c   0x08002a7c   0x0000000a   Code   RO         3380    i.USBD_Start        usbd_core.o
    0x08002a86   0x08002a86   0x00000112   Code   RO         3505    i.USBD_StdDevReq    usbd_ctlreq.o
    0x08002b98   0x08002b98   0x00000150   Code   RO         3506    i.USBD_StdEPReq     usbd_ctlreq.o
    0x08002ce8   0x08002ce8   0x0000004e   Code   RO         3507    i.USBD_StdItfReq    usbd_ctlreq.o
    0x08002d36   0x08002d36   0x00000002   Code   RO          705    i.USBD_static_free  usbd_conf.o
    0x08002d38   0x08002d38   0x00000008   Code   RO          706    i.USBD_static_malloc  usbd_conf.o
    0x08002d40   0x08002d40   0x00000258   Code   RO         1196    i.USB_ActivateEndpoint  stm32f1xx_ll_usb.o
    0x08002f98   0x08002f98   0x00000004   Code   RO         1199    i.USB_CoreInit      stm32f1xx_ll_usb.o
    0x08002f9c   0x08002f9c   0x00000020   Code   RO          191    i.USB_Data_Modifier_Keys_Update  keyboard.o
    0x08002fbc   0x08002fbc   0x00000038   Code   RO          192    i.USB_Data_Usual_Keys_Update  keyboard.o
    0x08002ff4   0x08002ff4   0x0000010e   Code   RO         1201    i.USB_DeactivateEndpoint  stm32f1xx_ll_usb.o
    0x08003102   0x08003102   0x00000004   Code   RO         1202    i.USB_DevConnect    stm32f1xx_ll_usb.o
    0x08003106   0x08003106   0x00000004   Code   RO         1203    i.USB_DevDisconnect  stm32f1xx_ll_usb.o
    0x0800310a   0x0800310a   0x00000012   Code   RO         1204    i.USB_DevInit       stm32f1xx_ll_usb.o
    0x0800311c   0x0800311c   0x0000000e   Code   RO         1205    i.USB_DisableGlobalInt  stm32f1xx_ll_usb.o
    0x0800312a   0x0800312a   0x00000004   Code   RO         1206    i.USB_EP0_OutStart  stm32f1xx_ll_usb.o
    0x0800312e   0x0800312e   0x00000078   Code   RO         1207    i.USB_EPClearStall  stm32f1xx_ll_usb.o
    0x080031a6   0x080031a6   0x00000032   Code   RO         1208    i.USB_EPSetStall    stm32f1xx_ll_usb.o
    0x080031d8   0x080031d8   0x000004ce   Code   RO         1209    i.USB_EPStartXfer   stm32f1xx_ll_usb.o
    0x080036a6   0x080036a6   0x00000012   Code   RO         1210    i.USB_EnableGlobalInt  stm32f1xx_ll_usb.o
    0x080036b8   0x080036b8   0x0000000c   Code   RO          380    i.USB_LP_CAN1_RX0_IRQHandler  stm32f1xx_it.o
    0x080036c4   0x080036c4   0x00000006   Code   RO         1217    i.USB_ReadInterrupts  stm32f1xx_ll_usb.o
    0x080036ca   0x080036ca   0x00000002   PAD
    0x080036cc   0x080036cc   0x0000002c   Code   RO         1218    i.USB_ReadPMA       stm32f1xx_ll_usb.o
    0x080036f8   0x080036f8   0x00000004   Code   RO         1219    i.USB_SetCurrentMode  stm32f1xx_ll_usb.o
    0x080036fc   0x080036fc   0x0000000c   Code   RO         1220    i.USB_SetDevAddress  stm32f1xx_ll_usb.o
    0x08003708   0x08003708   0x00000026   Code   RO         1222    i.USB_WritePMA      stm32f1xx_ll_usb.o
    0x0800372e   0x0800372e   0x00000002   PAD
    0x08003730   0x08003730   0x00000038   Code   RO          193    i.Update_Counters   keyboard.o
    0x08003768   0x08003768   0x00000002   Code   RO          381    i.UsageFault_Handler  stm32f1xx_it.o
    0x0800376a   0x0800376a   0x00000020   Code   RO         1864    i.__NVIC_SetPriority  stm32f1xx_hal_cortex.o
    0x0800378a   0x0800378a   0x0000000e   Code   RO         3738    i.__scatterload_copy  mc_w.l(handlers.o)
    0x08003798   0x08003798   0x00000002   Code   RO         3739    i.__scatterload_null  mc_w.l(handlers.o)
    0x0800379a   0x0800379a   0x0000000e   Code   RO         3740    i.__scatterload_zeroinit  mc_w.l(handlers.o)
    0x080037a8   0x080037a8   0x000003d4   Code   RO          310    i.main              main.o
    0x08003b7c   0x08003b7c   0x00000010   Data   RO         3326    .constdata          system_stm32f1xx.o
    0x08003b8c   0x08003b8c   0x00000020   Data   RO         3736    Region$$Table       anon$$obj.o


    Execution Region RW_IRAM1 (Exec base: 0x20000000, Load base: 0x08003bac, Size: 0x00000e90, Max: 0x00005000, ABSOLUTE, COMPRESSED[0x00000134])

    Exec Addr    Load Addr    Size         Type   Attr      Idx    E Section Name        Object

    0x20000000   COMPRESSED   0x00000018   Data   RW           17    .data               trackball.o
    0x20000018   COMPRESSED   0x0000004d   Data   RW          195    .data               keyboard.o
    0x20000065   COMPRESSED   0x00000001   Data   RW          196    .data               keyboard.o
    0x20000066   COMPRESSED   0x00000002   Data   RW          312    .data               main.o
    0x20000068   COMPRESSED   0x0000001c   Data   RW          557    .data               usbd_desc.o
    0x20000084   COMPRESSED   0x00000032   Data   RW          558    .data               usbd_desc.o
    0x200000b6   COMPRESSED   0x00000002   PAD
    0x200000b8   COMPRESSED   0x00000065   Data   RW          637    .data               usbd_custom_hid_if.o
    0x2000011d   COMPRESSED   0x00000003   PAD
    0x20000120   COMPRESSED   0x00000010   Data   RW          638    .data               usbd_custom_hid_if.o
    0x20000130   COMPRESSED   0x0000000c   Data   RW         1401    .data               stm32f1xx_hal.o
    0x2000013c   COMPRESSED   0x00000004   Data   RW         3328    .data               system_stm32f1xx.o
    0x20000140   COMPRESSED   0x00000001   Data   RW         3508    .data               usbd_ctlreq.o
    0x20000141   COMPRESSED   0x00000003   PAD
    0x20000144   COMPRESSED   0x00000038   Data   RW         3637    .data               usbd_customhid.o
    0x2000017c   COMPRESSED   0x0000009a   Data   RW         3638    .data               usbd_customhid.o
    0x20000216   COMPRESSED   0x00000002   PAD
    0x20000218        -       0x00000019   Zero   RW          194    .bss                keyboard.o
    0x20000231   COMPRESSED   0x00000003   PAD
    0x20000234        -       0x00000090   Zero   RW          311    .bss                main.o
    0x200002c4        -       0x000002c4   Zero   RW          501    .bss                usb_device.o
    0x20000588        -       0x00000200   Zero   RW          556    .bss                usbd_desc.o
    0x20000788        -       0x00000308   Zero   RW          707    .bss                usbd_conf.o
    0x20000a90        -       0x00000400   Zero   RW            1    STACK               startup_stm32f103xb.o


==============================================================================

Image component sizes


      Code (inc. data)   RO Data    RW Data    ZI Data      Debug   Object Name

       836        138          0         78         25      10651   keyboard.o
      1534         52          0          2        144       4784   main.o
        36          8        236          0       1024        792   startup_stm32f103xb.o
       164         28          0         12          0       5825   stm32f1xx_hal.o
       198         14          0          0          0      28887   stm32f1xx_hal_cortex.o
       500         34          0          0          0       3479   stm32f1xx_hal_gpio.o
       232         26          0          0          0       1672   stm32f1xx_hal_msp.o
      2666          0          0          0          0      12457   stm32f1xx_hal_pcd.o
        60          0          0          0          0       1158   stm32f1xx_hal_pcd_ex.o
      1208         76          0          0          0       4030   stm32f1xx_hal_rcc.o
       236         12          0          0          0       1364   stm32f1xx_hal_rcc_ex.o
       848         14          0          0          0       8107   stm32f1xx_hal_tim.o
       108         12          0          0          0       2337   stm32f1xx_hal_tim_ex.o
        56         18          0          0          0       5083   stm32f1xx_it.o
      2440          0          0          0          0      15863   stm32f1xx_ll_usb.o
         2          0         16          4          0       1091   system_stm32f1xx.o
       124         30          0         24          0     435932   trackball.o
        84         18          0          0        708       2226   usb_device.o
       532         28          0          0        776      13437   usbd_conf.o
       670          0          0          0          0       9339   usbd_core.o
      1186         28          0          1          0       7832   usbd_ctlreq.o
        12          0          0        117          0       2036   usbd_custom_hid_if.o
       544         30          0        210          0      10659   usbd_customhid.o
       312        128          0         78        512       5849   usbd_desc.o
       132          0          0          0          0       4260   usbd_ioreq.o

    ----------------------------------------------------------------------
     14746        694        284        536       3192     599150   Object Totals
         0          0         32          0          0          0   (incl. Generated)
        26          0          0         10          3          0   (incl. Padding)

    ----------------------------------------------------------------------

      Code (inc. data)   RO Data    RW Data    ZI Data      Debug   Library Member Name

        86          0          0          0          0          0   __dczerorl2.o
         0          0          0          0          0          0   entry.o
         0          0          0          0          0          0   entry10a.o
         0          0          0          0          0          0   entry11a.o
         8          4          0          0          0          0   entry2.o
         4          0          0          0          0          0   entry5.o
         0          0          0          0          0          0   entry7b.o
         0          0          0          0          0          0   entry8b.o
         8          4          0          0          0          0   entry9a.o
        30          0          0          0          0          0   handlers.o
        36          8          0          0          0         68   init.o
        36          0          0          0          0         68   memcpya.o
        36          0          0          0          0        108   memseta.o

    ----------------------------------------------------------------------
       246         16          0          0          0        244   Library Totals
         2          0          0          0          0          0   (incl. Padding)

    ----------------------------------------------------------------------

      Code (inc. data)   RO Data    RW Data    ZI Data      Debug   Library Name

       244         16          0          0          0        244   mc_w.l

    ----------------------------------------------------------------------
       246         16          0          0          0        244   Library Totals

    ----------------------------------------------------------------------

==============================================================================


      Code (inc. data)   RO Data    RW Data    ZI Data      Debug   

     14992        710        284        536       3192     590734   Grand Totals
     14992        710        284        308       3192     590734   ELF Image Totals (compressed)
     14992        710        284        308          0          0   ROM Totals

==============================================================================

    Total RO  Size (Code + RO Data)                15276 (  14.92kB)
    Total RW  Size (RW Data + ZI Data)              3728 (   3.64kB)
    Total ROM Size (Code + RO Data + RW Data)      15584 (  15.22kB)

==============================================================================

